[    0.000000] Initializing cgroup subsys cpuset
[    0.000000] Initializing cgroup subsys cpu
[    0.000000] Initializing cgroup subsys cpuacct
[    0.000000] Linux version 4.4.0-210-generic (buildd@lgw01-amd64-009) (gcc version 5.4.0 20160609 (Ubuntu 5.4.0-6ubuntu1~16.04.12) ) #242-Ubuntu SMP Fri Apr 16 09:57:56 UTC 2021 (Ubuntu 4.4.0-210.242-generic 4.4.262)
[    0.000000] Command line: BOOT_IMAGE=/boot/vmlinuz-4.4.0-210-generic root=LABEL=cloudimg-rootfs ro console=tty1 console=ttyS0
[    0.000000] KERNEL supported cpus:
[    0.000000]   Intel GenuineIntel
[    0.000000]   AMD AuthenticAMD
[    0.000000]   Centaur CentaurHauls
[    0.000000] x86/fpu: xstate_offset[2]:  576, xstate_sizes[2]:  256
[    0.000000] x86/fpu: Supporting XSAVE feature 0x01: 'x87 floating point registers'
[    0.000000] x86/fpu: Supporting XSAVE feature 0x02: 'SSE registers'
[    0.000000] x86/fpu: Supporting XSAVE feature 0x04: 'AVX registers'
[    0.000000] x86/fpu: Enabled xstate features 0x7, context size is 832 bytes, using 'standard' format.
[    0.000000] e820: BIOS-provided physical RAM map:
[    0.000000] BIOS-e820: [mem 0x0000000000000000-0x000000000009fbff] usable
[    0.000000] BIOS-e820: [mem 0x000000000009fc00-0x000000000009ffff] reserved
[    0.000000] BIOS-e820: [mem 0x00000000000f0000-0x00000000000fffff] reserved
[    0.000000] BIOS-e820: [mem 0x0000000000100000-0x00000000dffeffff] usable
[    0.000000] BIOS-e820: [mem 0x00000000dfff0000-0x00000000dfffffff] ACPI data
[    0.000000] BIOS-e820: [mem 0x00000000fec00000-0x00000000fec00fff] reserved
[    0.000000] BIOS-e820: [mem 0x00000000fee00000-0x00000000fee00fff] reserved
[    0.000000] BIOS-e820: [mem 0x00000000fffc0000-0x00000000ffffffff] reserved
[    0.000000] BIOS-e820: [mem 0x0000000100000000-0x000000011fffffff] usable
[    0.000000] NX (Execute Disable) protection: active
[    0.000000] SMBIOS 2.5 present.
[    0.000000] Hypervisor detected: KVM
[    0.000000] e820: last_pfn = 0x120000 max_arch_pfn = 0x400000000
[    0.000000] MTRR: Disabled
[    0.000000] x86/PAT: MTRRs disabled, skipping PAT initialization too.
[    0.000000] CPU MTRRs all blank - virtualized system.
[    0.000000] x86/PAT: Configuration [0-7]: WB  WT  UC- UC  WB  WT  UC- UC  
[    0.000000] e820: last_pfn = 0xdfff0 max_arch_pfn = 0x400000000
[    0.000000] found SMP MP-table at [mem 0x0009fff0-0x0009ffff] mapped at [ffff88000009fff0]
[    0.000000] Scanning 1 areas for low memory corruption
[    0.000000] RAMDISK: [mem 0x362dc000-0x37165fff]
[    0.000000] ACPI: Early table checksum verification disabled
[    0.000000] ACPI: RSDP 0x00000000000E0000 000024 (v02 VBOX  )
[    0.000000] ACPI: XSDT 0x00000000DFFF0030 00003C (v01 VBOX   VBOXXSDT 00000001 ASL  00000061)
[    0.000000] ACPI: FACP 0x00000000DFFF00F0 0000F4 (v04 VBOX   VBOXFACP 00000001 ASL  00000061)
[    0.000000] ACPI: DSDT 0x00000000DFFF0480 002325 (v02 VBOX   VBOXBIOS 00000002 INTL 20120111)
[    0.000000] ACPI: FACS 0x00000000DFFF0200 000040
[    0.000000] ACPI: FACS 0x00000000DFFF0200 000040
[    0.000000] ACPI: APIC 0x00000000DFFF0240 00006C (v02 VBOX   VBOXAPIC 00000001 ASL  00000061)
[    0.000000] ACPI: SSDT 0x00000000DFFF02B0 0001CC (v01 VBOX   VBOXCPUT 00000002 INTL 20120111)
[    0.000000] No NUMA configuration found
[    0.000000] Faking a node at [mem 0x0000000000000000-0x000000011fffffff]
[    0.000000] NODE_DATA(0) allocated [mem 0x11fff7000-0x11fffbfff]
[    0.000000] kvm-clock: Using msrs 4b564d01 and 4b564d00
[    0.000000] kvm-clock: cpu 0, msr 1:1ffef001, primary cpu clock
[    0.000000] kvm-clock: using sched offset of 3529345747 cycles
[    0.000000] clocksource: kvm-clock: mask: 0xffffffffffffffff max_cycles: 0x1cd42e4dffb, max_idle_ns: 881590591483 ns
[    0.000000] Zone ranges:
[    0.000000]   DMA      [mem 0x0000000000001000-0x0000000000ffffff]
[    0.000000]   DMA32    [mem 0x0000000001000000-0x00000000ffffffff]
[    0.000000]   Normal   [mem 0x0000000100000000-0x000000011fffffff]
[    0.000000]   Device   empty
[    0.000000] Movable zone start for each node
[    0.000000] Early memory node ranges
[    0.000000]   node   0: [mem 0x0000000000001000-0x000000000009efff]
[    0.000000]   node   0: [mem 0x0000000000100000-0x00000000dffeffff]
[    0.000000]   node   0: [mem 0x0000000100000000-0x000000011fffffff]
[    0.000000] Initmem setup node 0 [mem 0x0000000000001000-0x000000011fffffff]
[    0.000000] ACPI: PM-Timer IO Port: 0x4008
[    0.000000] IOAPIC[0]: apic_id 4, version 32, address 0xfec00000, GSI 0-23
[    0.000000] ACPI: INT_SRC_OVR (bus 0 bus_irq 0 global_irq 2 dfl dfl)
[    0.000000] ACPI: INT_SRC_OVR (bus 0 bus_irq 9 global_irq 9 low level)
[    0.000000] Using ACPI (MADT) for SMP configuration information
[    0.000000] smpboot: Allowing 4 CPUs, 0 hotplug CPUs
[    0.000000] PM: Registered nosave memory: [mem 0x00000000-0x00000fff]
[    0.000000] PM: Registered nosave memory: [mem 0x0009f000-0x0009ffff]
[    0.000000] PM: Registered nosave memory: [mem 0x000a0000-0x000effff]
[    0.000000] PM: Registered nosave memory: [mem 0x000f0000-0x000fffff]
[    0.000000] PM: Registered nosave memory: [mem 0xdfff0000-0xdfffffff]
[    0.000000] PM: Registered nosave memory: [mem 0xe0000000-0xfebfffff]
[    0.000000] PM: Registered nosave memory: [mem 0xfec00000-0xfec00fff]
[    0.000000] PM: Registered nosave memory: [mem 0xfec01000-0xfedfffff]
[    0.000000] PM: Registered nosave memory: [mem 0xfee00000-0xfee00fff]
[    0.000000] PM: Registered nosave memory: [mem 0xfee01000-0xfffbffff]
[    0.000000] PM: Registered nosave memory: [mem 0xfffc0000-0xffffffff]
[    0.000000] e820: [mem 0xe0000000-0xfebfffff] available for PCI devices
[    0.000000] Booting paravirtualized kernel on KVM
[    0.000000] clocksource: refined-jiffies: mask: 0xffffffff max_cycles: 0xffffffff, max_idle_ns: 7645519600211568 ns
[    0.000000] setup_percpu: NR_CPUS:512 nr_cpumask_bits:512 nr_cpu_ids:4 nr_node_ids:1
[    0.000000] PERCPU: Embedded 33 pages/cpu @ffff88011fc00000 s95192 r8192 d31784 u524288
[    0.000000] Built 1 zonelists in Node order, mobility grouping on.  Total pages: 1032056
[    0.000000] Policy zone: Normal
[    0.000000] Kernel command line: BOOT_IMAGE=/boot/vmlinuz-4.4.0-210-generic root=LABEL=cloudimg-rootfs ro console=tty1 console=ttyS0
[    0.000000] PID hash table entries: 4096 (order: 3, 32768 bytes)
[    0.000000] Memory: 4028040K/4193848K available (8644K kernel code, 1332K rwdata, 4044K rodata, 1492K init, 1164K bss, 165808K reserved, 0K cma-reserved)
[    0.000000] SLUB: HWalign=64, Order=0-3, MinObjects=0, CPUs=4, Nodes=1
[    0.000000] Kernel/User page tables isolation: enabled
[    0.000000] Hierarchical RCU implementation.
[    0.000000] 	Build-time adjustment of leaf fanout to 64.
[    0.000000] 	RCU restricting CPUs from NR_CPUS=512 to nr_cpu_ids=4.
[    0.000000] RCU: Adjusting geometry for rcu_fanout_leaf=64, nr_cpu_ids=4
[    0.000000] NR_IRQS:33024 nr_irqs:456 16
[    0.000000] Console: colour VGA+ 80x25
[    0.000000] console [tty1] enabled
[    0.000000] console [ttyS0] enabled
[    0.000000] tsc: Detected 2591.998 MHz processor
[    0.225711] Calibrating delay loop (skipped) preset value.. 5183.99 BogoMIPS (lpj=10367992)
[    0.227653] pid_max: default: 32768 minimum: 301
[    0.228638] ACPI: Core revision 20150930
[    0.230226] ACPI: 2 ACPI AML tables successfully acquired and loaded
[    0.231621] Security Framework initialized
[    0.232540] Yama: becoming mindful.
[    0.233330] AppArmor: AppArmor initialized
[    0.235179] Dentry cache hash table entries: 524288 (order: 10, 4194304 bytes)
[    0.238800] Inode-cache hash table entries: 262144 (order: 9, 2097152 bytes)
[    0.240406] Mount-cache hash table entries: 8192 (order: 4, 65536 bytes)
[    0.241722] Mountpoint-cache hash table entries: 8192 (order: 4, 65536 bytes)
[    0.243904] Initializing cgroup subsys io
[    0.245314] Initializing cgroup subsys memory
[    0.246359] Initializing cgroup subsys devices
[    0.248028] Initializing cgroup subsys freezer
[    0.248981] Initializing cgroup subsys net_cls
[    0.249895] Initializing cgroup subsys perf_event
[    0.250850] Initializing cgroup subsys net_prio
[    0.251777] Initializing cgroup subsys hugetlb
[    0.252690] Initializing cgroup subsys pids
[    0.265248] mce: CPU supports 0 MCE banks
[    0.266518] Last level iTLB entries: 4KB 64, 2MB 8, 4MB 8
[    0.267634] Last level dTLB entries: 4KB 64, 2MB 0, 4MB 0, 1GB 4
[    0.268793] Spectre V1 : Mitigation: usercopy/swapgs barriers and __user pointer sanitization
[    0.270547] Spectre V2 : Mitigation: Full generic retpoline
[    0.271630] Spectre V2 : Spectre v2 / SpectreRSB mitigation: Filling RSB on context switch
[    0.273291] Speculative Store Bypass: Vulnerable
[    0.274254] SRBDS: Unknown: Dependent on hypervisor status
[    0.275393] MDS: Mitigation: Clear CPU buffers
[    0.278519] Freeing SMP alternatives memory: 36K
[    0.284228] ftrace: allocating 32380 entries in 127 pages
[    0.331383] smpboot: APIC(0) Converting physical 0 to logical package 0
[    0.332905] smpboot: Max logical packages: 1
[    0.333979] x2apic enabled
[    0.334762] Switched APIC routing to physical x2apic.
[    0.336606] ..TIMER: vector=0x30 apic1=0 pin1=2 apic2=-1 pin2=-1
[    0.446264] smpboot: CPU0: Intel(R) Core(TM) i7-9750H CPU @ 2.60GHz (family: 0x6, model: 0x9e, stepping: 0xa)
[    0.448994] Performance Events: unsupported p6 CPU model 158 no PMU driver, software events only.
[    0.459540] KVM setup paravirtual spinlock
[    0.461481] x86: Booting SMP configuration:
[    0.462961] .... node  #0, CPUs:      #1
[    0.464319] kvm-clock: cpu 1, msr 1:1ffef041, secondary cpu clock
[    0.476005] mce: CPU supports 0 MCE banks
[    0.479083]  #2
[    0.479718] kvm-clock: cpu 2, msr 1:1ffef081, secondary cpu clock
[    0.492447] mce: CPU supports 0 MCE banks
[    0.495314]  #3
[    0.496029] kvm-clock: cpu 3, msr 1:1ffef0c1, secondary cpu clock
[    0.508119] mce: CPU supports 0 MCE banks
[    0.511054] x86: Booted up 1 node, 4 CPUs
[    0.512643] smpboot: Total of 4 processors activated (20735.98 BogoMIPS)
[    0.514663] devtmpfs: initialized
[    0.517965] evm: security.selinux
[    0.518741] evm: security.SMACK64
[    0.519462] evm: security.SMACK64EXEC
[    0.520234] evm: security.SMACK64TRANSMUTE
[    0.521074] evm: security.SMACK64MMAP
[    0.521844] evm: security.ima
[    0.522503] evm: security.capability
[    0.523436] clocksource: jiffies: mask: 0xffffffff max_cycles: 0xffffffff, max_idle_ns: 7645041785100000 ns
[    0.525339] futex hash table entries: 1024 (order: 4, 65536 bytes)
[    0.526610] pinctrl core: initialized pinctrl subsystem
[    0.527754] RTC time:  0:28:39, date: 05/09/22
[    0.529010] NET: Registered protocol family 16
[    0.538680] cpuidle: using governor ladder
[    0.551654] cpuidle: using governor menu
[    0.553458] PCCT header not found.
[    0.554604] ACPI: bus type PCI registered
[    0.555830] acpiphp: ACPI Hot Plug PCI Controller Driver version: 0.5
[    0.557869] PCI: Using configuration type 1 for base access
[    0.573060] ACPI: Added _OSI(Module Device)
[    0.574710] ACPI: Added _OSI(Processor Device)
[    0.576050] ACPI: Added _OSI(3.0 _SCP Extensions)
[    0.577912] ACPI: Added _OSI(Processor Aggregator Device)
[    0.580147] ACPI: Executed 1 blocks of module-level executable AML code
[    0.583825] ACPI: Interpreter enabled
[    0.584811] ACPI: (supports S0 S5)
[    0.585711] ACPI: Using IOAPIC for interrupt routing
[    0.587138] PCI: Using host bridge windows from ACPI; if necessary, use "pci=nocrs" and report a bug
[    0.593995] ACPI: PCI Root Bridge [PCI0] (domain 0000 [bus 00-ff])
[    0.595854] acpi PNP0A03:00: _OSC: OS supports [ASPM ClockPM Segments MSI]
[    0.598083] acpi PNP0A03:00: _OSC: not requesting OS control; OS requires [ExtendedConfig ASPM ClockPM MSI]
[    0.600571] acpi PNP0A03:00: fail to add MMCONFIG information, can't access extended PCI configuration space under this bridge.
[    0.610559] PCI host bridge to bus 0000:00
[    0.611742] pci_bus 0000:00: root bus resource [io  0x0000-0x0cf7 window]
[    0.613262] pci_bus 0000:00: root bus resource [io  0x0d00-0xffff window]
[    0.614851] pci_bus 0000:00: root bus resource [mem 0x000a0000-0x000bffff window]
[    0.616601] pci_bus 0000:00: root bus resource [mem 0xe0000000-0xfdffffff window]
[    0.618147] pci_bus 0000:00: root bus resource [bus 00-ff]
[    0.621354] pci 0000:00:01.1: legacy IDE quirk: reg 0x10: [io  0x01f0-0x01f7]
[    0.623220] pci 0000:00:01.1: legacy IDE quirk: reg 0x14: [io  0x03f6]
[    0.624475] pci 0000:00:01.1: legacy IDE quirk: reg 0x18: [io  0x0170-0x0177]
[    0.625768] pci 0000:00:01.1: legacy IDE quirk: reg 0x1c: [io  0x0376]
[    0.656584] pci 0000:00:07.0: quirk: [io  0x4000-0x403f] claimed by PIIX4 ACPI
[    0.658871] pci 0000:00:07.0: quirk: [io  0x4100-0x410f] claimed by PIIX4 SMB
[    0.680175] ACPI: PCI Interrupt Link [LNKA] (IRQs 5 9 10 *11)
[    0.682742] ACPI: PCI Interrupt Link [LNKB] (IRQs 5 9 *10 11)
[    0.684315] ACPI: PCI Interrupt Link [LNKC] (IRQs 5 *9 10 11)
[    0.685767] ACPI: PCI Interrupt Link [LNKD] (IRQs 5 9 10 *11)
[    0.687285] ACPI: Enabled 2 GPEs in block 00 to 07
[    0.688570] vgaarb: setting as boot device: PCI:0000:00:02.0
[    0.689987] vgaarb: device added: PCI:0000:00:02.0,decodes=io+mem,owns=io+mem,locks=none
[    0.692324] vgaarb: loaded
[    0.692981] vgaarb: bridge control possible 0000:00:02.0
[    0.694297] SCSI subsystem initialized
[    0.695507] ACPI: bus type USB registered
[    0.696384] usbcore: registered new interface driver usbfs
[    0.697466] usbcore: registered new interface driver hub
[    0.698510] usbcore: registered new device driver usb
[    0.699678] PCI: Using ACPI for IRQ routing
[    0.700869] NetLabel: Initializing
[    0.701590] NetLabel:  domain hash size = 128
[    0.702454] NetLabel:  protocols = UNLABELED CIPSOv4
[    0.703420] NetLabel:  unlabeled traffic allowed by default
[    0.704917] amd_nb: Cannot enumerate AMD northbridges
[    0.707201] clocksource: Switched to clocksource kvm-clock
[    0.714298] AppArmor: AppArmor Filesystem Enabled
[    0.715297] pnp: PnP ACPI init
[    0.717030] pnp: PnP ACPI: found 3 devices
[    0.725436] clocksource: acpi_pm: mask: 0xffffff max_cycles: 0xffffff, max_idle_ns: 2085701024 ns
[    0.727381] NET: Registered protocol family 2
[    0.728544] TCP established hash table entries: 32768 (order: 6, 262144 bytes)
[    0.730330] TCP bind hash table entries: 32768 (order: 7, 524288 bytes)
[    0.732971] TCP: Hash tables configured (established 32768 bind 32768)
[    0.734209] UDP hash table entries: 2048 (order: 4, 65536 bytes)
[    0.735796] UDP-Lite hash table entries: 2048 (order: 4, 65536 bytes)
[    0.737061] NET: Registered protocol family 1
[    0.737955] pci 0000:00:00.0: Limiting direct PCI/PCI transfers
[    0.739184] pci 0000:00:01.0: Activating ISA DMA hang workarounds
[    0.740767] Unpacking initramfs...
[    0.913276] Freeing initrd memory: 14888K
[    0.914433] PCI-DMA: Using software bounce buffering for IO (SWIOTLB)
[    0.915887] software IO TLB: mapped [mem 0xdbff0000-0xdfff0000] (64MB)
[    0.917146] clocksource: tsc: mask: 0xffffffffffffffff max_cycles: 0x255cb518234, max_idle_ns: 440795279333 ns
[    0.919102] platform rtc_cmos: registered platform RTC device (no PNP device found)
[    0.920692] Scanning for low memory corruption every 60 seconds
[    0.922106] audit: initializing netlink subsys (disabled)
[    0.923176] audit: type=2000 audit(1652056124.396:1): initialized
[    0.925132] Initialise system trusted keyring
[    0.926228] HugeTLB registered 2 MB page size, pre-allocated 0 pages
[    0.928504] zbud: loaded
[    0.929504] VFS: Disk quotas dquot_6.6.0
[    0.930437] VFS: Dquot-cache hash table entries: 512 (order 0, 4096 bytes)
[    0.932231] squashfs: version 4.0 (2009/01/31) Phillip Lougher
[    0.933933] fuse init (API version 7.23)
[    0.934857] Key type big_key registered
[    0.935703] Allocating IMA MOK and blacklist keyrings.
[    0.938365] Key type asymmetric registered
[    0.939431] Asymmetric key parser 'x509' registered
[    0.940566] Block layer SCSI generic (bsg) driver version 0.4 loaded (major 249)
[    0.942110] io scheduler noop registered
[    0.942927] io scheduler deadline registered (default)
[    0.944288] io scheduler cfq registered
[    0.945175] pci_hotplug: PCI Hot Plug PCI Core version: 0.5
[    0.946257] pciehp: PCI Express Hot Plug Controller Driver version: 0.4
[    0.947839] ACPI: AC Adapter [AC] (on-line)
[    0.948748] input: Power Button as /devices/LNXSYSTM:00/LNXPWRBN:00/input/input0
[    0.950273] ACPI: Power Button [PWRF]
[    0.951106] input: Sleep Button as /devices/LNXSYSTM:00/LNXSLPBN:00/input/input1
[    0.952743] ACPI: Sleep Button [SLPF]
[    0.953661] GHES: HEST is not enabled!
[    0.955403] ACPI: Battery Slot [BAT0] (battery present)
[    0.956870] Serial: 8250/16550 driver, 32 ports, IRQ sharing enabled
[    0.978921] 00:02: ttyS0 at I/O 0x3f8 (irq = 4, base_baud = 115200) is a 16550A
[    0.982793] Linux agpgart interface v0.103
[    0.985052] loop: module loaded
[    0.986159] scsi host0: ata_piix
[    0.986998] scsi host1: ata_piix
[    0.987799] ata1: PATA max UDMA/33 cmd 0x1f0 ctl 0x3f6 bmdma 0xd000 irq 14
[    0.989083] ata2: PATA max UDMA/33 cmd 0x170 ctl 0x376 bmdma 0xd008 irq 15
[    0.990445] libphy: Fixed MDIO Bus: probed
[    0.991298] tun: Universal TUN/TAP device driver, 1.6
[    0.992324] tun: (C) 1999-2004 Max Krasnyansky <maxk@qualcomm.com>
[    0.993530] PPP generic driver version 2.4.2
[    0.994741] ehci_hcd: USB 2.0 'Enhanced' Host Controller (EHCI) Driver
[    0.997198] ehci-pci: EHCI PCI platform driver
[    0.998336] ehci-platform: EHCI generic platform driver
[    0.999387] ohci_hcd: USB 1.1 'Open' Host Controller (OHCI) Driver
[    1.000639] ohci-pci: OHCI PCI platform driver
[    1.001556] ohci-platform: OHCI generic platform driver
[    1.002598] uhci_hcd: USB Universal Host Controller Interface driver
[    1.004284] i8042: PNP: PS/2 Controller [PNP0303:PS2K,PNP0f03:PS2M] at 0x60,0x64 irq 1,12
[    1.006763] serio: i8042 KBD port at 0x60,0x64 irq 1
[    1.007895] serio: i8042 AUX port at 0x60,0x64 irq 12
[    1.009347] mousedev: PS/2 mouse device common for all mice
[    1.011246] input: AT Translated Set 2 keyboard as /devices/platform/i8042/serio0/input/input2
[    1.013661] rtc_cmos rtc_cmos: rtc core: registered rtc_cmos as rtc0
[    1.014948] rtc_cmos rtc_cmos: alarms up to one day, 114 bytes nvram
[    1.016240] i2c /dev entries driver
[    1.017042] device-mapper: uevent: version 1.0.3
[    1.018045] device-mapper: ioctl: 4.34.0-ioctl (2015-10-28) initialised: dm-devel@redhat.com
[    1.019802] ledtrig-cpu: registered to indicate activity on CPUs
[    1.021304] NET: Registered protocol family 10
[    1.022707] NET: Registered protocol family 17
[    1.023918] Key type dns_resolver registered
[    1.025082] registered taskstats version 1
[    1.025952] Loading compiled-in X.509 certificates
[    1.027429] Loaded X.509 cert 'Build time autogenerated kernel key: cf00e047681d67edb2720680708b7d9498083038'
[    1.029382] zswap: loaded using pool lzo/zbud
[    1.031747] Key type trusted registered
[    1.034989] Key type encrypted registered
[    1.035904] AppArmor: AppArmor sha1 policy hashing enabled
[    1.036985] ima: No TPM chip found, activating TPM-bypass!
[    1.038080] ima: Allocated hash algorithm: sha1
[    1.039014] evm: HMAC attrs: 0x1
[    1.040241]   Magic number: 6:591:455
[    1.041142] rtc_cmos rtc_cmos: setting system clock to 2022-05-09 00:28:39 UTC (1652056119)
[    1.042938] BIOS EDD facility v0.16 2004-Jun-25, 0 devices found
[    1.044307] EDD information not available.
[    1.281892] Freeing unused kernel memory: 1492K
[    1.283787] Write protecting the kernel read-only data: 14336k
[    1.286289] Freeing unused kernel memory: 1584K
[    1.287771] Freeing unused kernel memory: 52K
Loading, please wait...
starting version 229
[    1.301581] random: systemd-udevd: uninitialized urandom read (16 bytes read, 3 bits of entropy available)
[    1.302132] random: udevadm: uninitialized urandom read (16 bytes read, 3 bits of entropy available)
[    1.302164] random: udevadm: uninitialized urandom read (16 bytes read, 3 bits of entropy available)
[    1.309093] random: systemd-udevd: uninitialized urandom read (16 bytes read, 3 bits of entropy available)
[    1.309328] random: udevadm: uninitialized urandom read (16 bytes read, 3 bits of entropy available)
[    1.309373] random: udevadm: uninitialized urandom read (16 bytes read, 3 bits of entropy available)
[    1.309586] random: udevadm: uninitialized urandom read (16 bytes read, 3 bits of entropy available)
[    1.309638] random: udevadm: uninitialized urandom read (16 bytes read, 3 bits of entropy available)
[    1.309686] random: udevadm: uninitialized urandom read (16 bytes read, 3 bits of entropy available)
[    1.309735] random: udevadm: uninitialized urandom read (16 bytes read, 3 bits of entropy available)
[    1.350551] Fusion MPT base driver 3.04.20
[    1.352088] Copyright (c) 1999-2008 LSI Corporation
[    1.353764] e1000: Intel(R) PRO/1000 Network Driver - version 7.3.21-k8-NAPI
[    1.355315] e1000: Copyright (c) 1999-2006 Intel Corporation.
[    1.360462] Fusion MPT SPI Host driver 3.04.20
[    1.366664] AVX2 version of gcm_enc/dec engaged.
[    1.367831] AES CTR mode by8 optimization enabled
[    1.566740] input: ImExPS/2 Generic Explorer Mouse as /devices/platform/i8042/serio1/input/input4
[    1.737859] e1000 0000:00:03.0 eth0: (PCI:33MHz:32-bit) 02:be:82:6b:cc:1d
[    1.740051] e1000 0000:00:03.0 eth0: Intel(R) PRO/1000 Network Connection
[    2.122512] e1000 0000:00:08.0 eth1: (PCI:33MHz:32-bit) 08:00:27:a3:76:59
[    2.124846] e1000 0000:00:08.0 eth1: Intel(R) PRO/1000 Network Connection
[    2.137931] e1000 0000:00:08.0 enp0s8: renamed from eth1
[    2.140046] mptbase: ioc0: Initiating bringup
[    2.151793] e1000 0000:00:03.0 enp0s3: renamed from eth0
[    2.208419] ioc0: LSI53C1030 A0: Capabilities={Initiator}
[    2.374874] scsi host2: ioc0: LSI53C1030 A0, FwRev=00000000h, Ports=1, MaxQ=256, IRQ=20
[    2.496706] scsi 2:0:0:0: Direct-Access     VBOX     HARDDISK         1.0  PQ: 0 ANSI: 5
[    2.499882] scsi target2:0:0: Beginning Domain Validation
[    2.502135] scsi target2:0:0: Domain Validation skipping write tests
[    2.503926] scsi target2:0:0: Ending Domain Validation
[    2.505397] scsi target2:0:0: asynchronous
[    2.506916] scsi 2:0:1:0: Direct-Access     VBOX     HARDDISK         1.0  PQ: 0 ANSI: 5
[    2.509291] scsi target2:0:1: Beginning Domain Validation
[    2.511564] scsi target2:0:1: Domain Validation skipping write tests
[    2.513213] scsi target2:0:1: Ending Domain Validation
[    2.514719] scsi target2:0:1: asynchronous
[    2.521195] sd 2:0:0:0: Attached scsi generic sg0 type 0
[    2.522673] sd 2:0:0:0: [sda] 83886080 512-byte logical blocks: (42.9 GB/40.0 GiB)
[    2.525245] sd 2:0:1:0: [sdb] 20480 512-byte logical blocks: (10.5 MB/10.0 MiB)
[    2.525415] sd 2:0:1:0: Attached scsi generic sg1 type 0
[    2.525677] sd 2:0:0:0: [sda] Write Protect is off
[    2.525841] sd 2:0:0:0: [sda] Incomplete mode parameter data
[    2.525843] sd 2:0:0:0: [sda] Assuming drive cache: write through
[    2.526947]  sda: sda1
[    2.528159] sd 2:0:0:0: [sda] Attached SCSI disk
[    2.536209] sd 2:0:1:0: [sdb] Write Protect is off
[    2.537696] sd 2:0:1:0: [sdb] Incomplete mode parameter data
[    2.539421] sd 2:0:1:0: [sdb] Assuming drive cache: write through
[    2.542974] sd 2:0:1:0: [sdb] Attached SCSI disk
Begin: Loading essential drivers ... [    3.806009] md: linear personality registered for level -1
[    3.809459] md: multipath personality registered for level -4
[    3.812896] md: raid0 personality registered for level 0
[    3.817930] md: raid1 personality registered for level 1
[    3.887693] raid6: sse2x1   gen() 13425 MB/s
[    3.955339] raid6: sse2x1   xor()  9957 MB/s
[    4.023355] raid6: sse2x2   gen() 16943 MB/s
[    4.091556] raid6: sse2x2   xor() 11232 MB/s
[    4.159355] raid6: sse2x4   gen() 19172 MB/s
[    4.227333] raid6: sse2x4   xor() 12404 MB/s
[    4.295339] raid6: avx2x1   gen() 24273 MB/s
[    4.363276] raid6: avx2x2   gen() 31394 MB/s
[    4.431367] raid6: avx2x4   gen() 33989 MB/s
[    4.432712] raid6: using algorithm avx2x4 gen() 33989 MB/s
[    4.433805] raid6: using avx2x2 recovery algorithm
[    4.435727] xor: automatically using best checksumming function:
[    4.476923]    avx       : 37633.000 MB/sec
[    4.478932] async_tx: api initialized (async)
[    4.488636] md: raid6 personality registered for level 6
[    4.489972] md: raid5 personality registered for level 5
[    4.491000] md: raid4 personality registered for level 4
[    4.498275] md: raid10 personality registered for level 10
done.
Begin: Running /scripts/init-premount ... done.
Begin: Mounting root file system ... Begin: Running /scripts/local-top ... done.
Begin: Running /scripts/local-premount ... [    4.523174] Btrfs loaded
Scanning for Btrfs filesystems
done.
Warning: fsck not present, so skipping root file system
[    4.540049] EXT4-fs (sda1): mounted filesystem with ordered data mode. Opts: (null)
done.
Begin: Running /scripts/local-bottom ... done.
Begin: Running /scripts/init-bottom ... done.
[    4.587959] systemd[1]: systemd 229 running in system mode. (+PAM +AUDIT +SELINUX +IMA +APPARMOR +SMACK +SYSVINIT +UTMP +LIBCRYPTSETUP +GCRYPT +GNUTLS +ACL +XZ -LZ4 +SECCOMP +BLKID +ELFUTILS +KMOD -IDN)
[    4.591400] systemd[1]: Detected virtualization oracle.
[    4.592498] systemd[1]: Detected architecture x86-64.

Welcome to [1mUbuntu 16.04.7 LTS[0m!

[    4.596086] systemd[1]: Set hostname to <ubuntu>.
[    4.598778] systemd[1]: Initializing machine ID from random generator.
[    4.600126] systemd[1]: Installed transient /etc/machine-id file.
[    5.123008] systemd[1]: Reached target Encrypted Volumes.
[[0;32m  OK  [0m] Reached target Encrypted Volumes.
[    5.125377] systemd[1]: Created slice User and Session Slice.
[[0;32m  OK  [0m] Created slice User and Session Slice.
[    5.127677] systemd[1]: Started Forward Password Requests to Wall Directory Watch.
[[0;32m  OK  [0m] Started Forward Password Requests to Wall Directory Watch.
[    5.130618] systemd[1]: Listening on Journal Audit Socket.
[[0;32m  OK  [0m] Listening on Journal Audit Socket.
[    5.132916] systemd[1]: Created slice System Slice.
[[0;32m  OK  [0m] Created slice System Slice.
[    5.134785] systemd[1]: Listening on LVM2 metadata daemon socket.
[[0;32m  OK  [0m] Listening on LVM2 metadata daemon socket.
[    5.137104] systemd[1]: Listening on udev Control Socket.
[[0;32m  OK  [0m] Listening on udev Control Socket.
[    5.139155] systemd[1]: Listening on Device-mapper event daemon FIFOs.
[[0;32m  OK  [0m] Listening on Device-mapper event daemon FIFOs.
[    5.141616] systemd[1]: Reached target Swap.
[[0;32m  OK  [0m] Reached target Swap.
[    5.143383] systemd[1]: Listening on fsck to fsckd communication Socket.
[[0;32m  OK  [0m] Listening on fsck to fsckd communication Socket.
[    5.145763] systemd[1]: Listening on LVM2 poll daemon socket.
[[0;32m  OK  [0m] Listening on LVM2 poll daemon socket.
[    5.147925] systemd[1]: Started Trigger resolvconf update for networkd DNS.
[[0;32m  OK  [0m] Started Trigger resolvconf update for networkd DNS.
[    5.150470] systemd[1]: Listening on Syslog Socket.
[[0;32m  OK  [0m] Listening on Syslog Socket.
[    5.152357] systemd[1]: Listening on udev Kernel Socket.
[[0;32m  OK  [0m] Listening on udev Kernel Socket.
[    5.154274] systemd[1]: Reached target User and Group Name Lookups.
[[0;32m  OK  [0m] Reached target User and Group Name Lookups.
[    5.156972] systemd[1]: Listening on /dev/initctl Compatibility Named Pipe.
[[0;32m  OK  [0m] Listening on /dev/initctl Compatibility Named Pipe.
[    5.159821] systemd[1]: Set up automount Arbitrary Executable File Formats File System Automount Point.
[[0;32m  OK  [0m] Set up automount Arbitrary Executab...ats File System Automount Point.
[    5.163009] systemd[1]: Reached target Slices.
[[0;32m  OK  [0m] Reached target Slices.
[    5.164951] systemd[1]: Created slice system-serial\x2dgetty.slice.
[[0;32m  OK  [0m] Created slice system-serial\x2dgetty.slice.
[    5.167789] systemd[1]: Reached target System Time Synchronized.
[[0;32m  OK  [0m] Reached target System Time Synchronized.
[    5.170026] systemd[1]: Listening on Journal Socket.
[[0;32m  OK  [0m] Listening on Journal Socket.
[    5.407471] systemd[1]: Mounting Debug File System...
         Mounting Debug File System...
[    5.410391] systemd[1]: Starting Uncomplicated firewall...
         Starting Uncomplicated firewall...
[    5.414197] systemd[1]: Starting Set console keymap...
         Starting Set console keymap...
[    5.417154] systemd[1]: Starting Monitoring of LVM2 mirrors, snapshots etc. using dmeventd or progress polling...
         Starting Monitoring of LVM2 mirrors... dmeventd or progress polling...
[    5.422620] systemd[1]: Starting Nameserver information manager...
         Starting Nameserver information manager...
[    5.426263] systemd[1]: Starting Create list of required static device nodes for the current kernel...
         Starting Create list of required st... nodes for the current kernel...
[    5.430447] systemd[1]: Mounting Huge Pages File System...
         Mounting Huge Pages File System...
[    5.433248] systemd[1]: Mounting POSIX Message Queue File System...
         Mounting POSIX Message Queue File System...
[    5.435521] systemd[1]: Listening on Journal Socket (/dev/log).
[[0;32m  OK  [0m] Listening on Journal Socket (/dev/log).
[    5.438001] systemd[1]: Starting Journal Service...
         Starting Journal Service...
[    5.441667] systemd[1]: Starting Load Kernel Modules...
         Starting Load Kernel Modules...
[    5.446089] systemd[1]: Starting File System Check on Root Device...
         Starting File System Check on Root Device...
[    5.448561] Loading iSCSI transport class v2.0-870.
[    5.450535] systemd[1]: Mounted Huge Pages File System.
[[0;32m  OK  [0m] Mounted Huge Pages File System.
[    5.453480] systemd[1]: Mounted POSIX Message Queue File System.
[[0;32m  OK  [0m] Mounted POSIX Message Queue File System.
[    5.456880] iscsi: registered transport (tcp)
[    5.463411] systemd[1]: Mounted Debug File System.
[[0;32m  OK  [[    5.464773] systemd[1]: Started Journal Service.
0m] Mounted Debug File System.
[[0;32m  OK  [0m] Started Journal Service.
[[0;32m  OK  [0m] Started Uncomplicated firewall.
[[0;32m  OK  [0m] Started Set console keymap.
[[0;32m  OK  [0m] Started Create list of required sta...ce nodes for the current kernel.
[[0;32m  OK  [0m] Started File System Check on Root Device.
[[0;32m  OK  [0m] Started Nameserver information manager.
[[0;32m  OK  [0m] Started File System Check Daemon to report status.
[    5.480915] iscsi: registered transport (iser)
[[0;32m  OK  [0m] Started LVM2 metadata daemon.
         Starting Remount Root and Kernel File Systems...
         Starting Create Static Device Nodes in /dev...
[[0;32m  OK  [0m] Started Load[    5.493704] EXT4-fs (sda1): re-mounted. Opts: (null)
 Kernel Modules.
[[0;32m  OK  [0m] Started Remount Root and Kernel File Systems.
         Starting Flush Journal to Persistent Storage...
         Starting udev Coldplug all Devices...
         Starting Load/Save Random Seed...
         Starting Apply Kernel Variables...
         Mounting FUSE Control File System...
[[0;32m  OK  [0m] Mounted FUSE Control File System.
[[0;32m  OK  [0m] Started Create Static Device Nodes in /dev.
[[0;32m  OK  [0m] Started Load/Save Random Seed.
[[0;32m  OK  [0m] Started Apply Kernel Variables.
         Starting udev Kernel Device Manager...
[[0;32m  OK  [0m] Started Flush Journal to Persistent Storage.
[[0;32m  OK  [0m] Started udev Coldplug all Devices.
[[0;32m  OK  [0m] Started udev Kernel Device Manager.
[[0;32m  OK  [0m] Started Dispatch Password Requests to Console Directory Watch.
[[0;32m  OK  [0m] Found device /dev/ttyS0.
[[0;32m  OK  [0m] Listening on Load/Save RF Kill Switch Status /dev/rfkill Watch.
[[0;32m  OK  [0m] Started Monitoring of LVM2 mirrors,...ng dmeventd or progress polling.
[[0;32m  OK  [0m] Reached target Local File Systems (Pre).
[[0;32m  OK  [0m] Reached target Local File Systems.
         Starting LSB: AppArmor initialization...
         Starting Create Volatile Files and Directories...
         Starting Commit a transient machine-id on disk...
         Starting Set console font and keymap...
         Starting Tell Plymouth To Write Out Runtime Data...
         Starting Initial cloud-init job (pre-networking)...
[[0;32m  OK  [0m] Started Create Volatile Files and Directories.
[[0;32m  OK  [0m] Started Commit a transient machine-id on disk.
[[0;32m  OK  [0m] Started Tell Plymouth To Write Out Runtime Data.
         Starting Update UTMP about System Boot/Shutdown...
[[0;32m  OK  [0m] Started Update UTMP about System Boot/Shutdown.
[[0;32m  OK  [0m] Started Set console font and keymap.
[[0;32m  OK  [0m] Created slice system-getty.slice.
[[0;32m  OK  [0m] Started LSB: AppArmor initialization.
         Starting Load AppArmor profiles managed internally by snapd...
[[0;32m  OK  [0m] Started Load AppArmor profiles managed internally by snapd.
[    6.275259] cloud-init[678]: Cloud-init v. 21.1-19-gbad84ad4-0ubuntu1~16.04.2 running 'init-local' at Mon, 09 May 2022 00:28:44 +0000. Up 6.11 seconds.
[[0;32m  OK  [0m] Started Initial cloud-init job (pre-networking).
[[0;32m  OK  [0m] Reached target Network (Pre).
         Starting Raise network interfaces...
[[0;32m  OK  [0m] Started Raise network interfaces.
[[0;32m  OK  [0m] Reached target Network.
         Starting Initial cloud-init job (metadata service crawler)...
[    6.948103] cloud-init[984]: Cloud-init v. 21.1-19-gbad84ad4-0ubuntu1~16.04.2 running 'init' at Mon, 09 May 2022 00:28:45 +0000. Up 6.68 seconds.
[    6.956436] cloud-init[984]: ci-info: ++++++++++++++++++++++++++++++++++++++Net device info+++++++++++++++++++++++++++++++++++++++
[    6.964540] cloud-init[984]: ci-info: +--------+-------+----------------------------+---------------+--------+-------------------+
[    6.966289] cloud-init[984]: ci-info: | Device |   Up  |          Address           |      Mask     | Scope  |     Hw-Address    |
[    6.967984] cloud-init[984]: ci-info: +--------+-------+----------------------------+---------------+--------+-------------------+
[    6.969799] cloud-init[984]: ci-info: | enp0s3 |  True |         10.0.2.15          | 255.255.255.0 | global | 02:be:82:6b:cc:1d |
[    6.971789] cloud-init[984]: ci-info: | enp0s3 |  True | fe80::be:82ff:fe6b:cc1d/64 |       .       |  link  | 02:be:82:6b:cc:1d |
[    6.973475] cloud-init[984]: ci-info: | enp0s8 | False |             .              |       .       |   .    | 08:00:27:a3:76:59 |
[    6.975266] cloud-init[984]: ci-info: |   lo   |  True |         127.0.0.1          |   255.0.0.0   |  host  |         .         |
[    6.976957] [cloud-init[0;32m  OK  [0m[984]: ] ci-info: |   lo   |  True |          ::1/128           |       .       |  host  |         .         |Started Initial cloud-init job (metadata service crawler).

[[    6.977214] [0;32m  OK  [0mcloud-init] [984]: Reached target Cloud-config availability.ci-info: +--------+-------+----------------------------+---------------+--------+-------------------+

[    6.987233] [cloud-init[0;32m  OK  [0m[984]: ] ci-info: +++++++++++++++++++++++++++Route IPv4 info++++++++++++++++++++++++++++Reached target System Initialization.

[[    6.987542] [0;32m  OK  [0mcloud-init] [984]: Listening on ACPID Listen Socket.ci-info: +-------+-------------+----------+---------------+-----------+-------+

[    6.998957] [cloud-init[0;32m  OK  [0m[984]: ] ci-info: | Route | Destination | Gateway  |    Genmask    | Interface | Flags |Listening on UUID daemon activation socket.

[[    6.999174] [0;32m  OK  [0mcloud-init] [984]: Started Ubuntu Advantage update messaging.ci-info: +-------+-------------+----------+---------------+-----------+-------+

[    7.004162] [cloud-init[0;32m  OK  [0m[984]: ] ci-info: |   0   |   0.0.0.0   | 10.0.2.2 |    0.0.0.0    |   enp0s3  |   UG  |Started Daily Cleanup of Temporary Directories.

[[    7.004379] [0;32m  OK  [0mcloud-init] [984]: Listening on D-Bus System Message Bus Socket.ci-info: |   1   |   10.0.2.0  | 0.0.0.0  | 255.255.255.0 |   enp0s3  |   U   |

[    7.009897] cloud-init[984]: ci-info: +-------+-------------+----------+---------------+-----------+-------+
         Starting LXD - unix socket.
[[    7.010161] [0;32m  OK  [0mcloud-init] [984]: Started Message of the Day.ci-info: +++++++++++++++++++Route IPv6 info+++++++++++++++++++

         Starting Socket activation for snappy daemon.
[    7.014738] cloud-init[984]: ci-info: +-------+-------------+---------+-----------+-------+
[[0;32m  OK  [0m] Started Daily apt download activities.[    7.015604] cloud-init[984]: ci-info: | Route | Destination | Gateway | Interface | Flags |

[    7.017288] cloud-init[984]: [ci-info: +-------+-------------+---------+-----------+-------+[0;32m  OK  [0m
] Started Daily apt upgrade and clean activities.
[    7.018463] cloud-init[984]: [ci-info: |   0   |  fe80::/64  |    ::   |   enp0s3  |   U   |[0;32m  OK  [0m
] Reached target Timers.[    7.019789] 
cloud-init[984]: ci-info: |   3   |   ff00::/8  |    ::   |   enp0s3  |   U   |
[    7.023680] cloud-init[984]: ci-info: +-------+-------------+---------+-----------+-------+
[    7.025119] [cloud-init[0;32m  OK  [0m[984]: ] Generating public/private rsa key pair.Started ACPI Events Check.

[[    7.025328] [0;32m  OK  [0mcloud-init] [984]: Reached target Paths.Your identification has been saved in /etc/ssh/ssh_host_rsa_key.

[    7.028713] [cloud-init[0;32m  OK  [0m[984]: ] Your public key has been saved in /etc/ssh/ssh_host_rsa_key.pub.Reached target Network is Online.

[    7.028920] cloud-init[984]: The key fingerprint is:
[    7.031770] cloud-init[984]: SHA256:0WPsWaLaeBOJy9u+VFSy+InsgKMCLdbcXsE20/sbK18 root@ubuntu-xenial
[    7.033291] cloud-init[984]: The key's randomart image is:
[    7.034389] cloud-init[984]: +---[RSA 2048]----+
[    7.035314] cloud-init[984]: |          . .    |
         Starting iSCSI initiator daemon (iscsid)...
[    7.044385] cloud-init[984]: |      . .+ +     |
[    7.045890] cloud-init[984]: |       *o.O .    |
[    7.056784] cloud-init[984]: | .o ...o+X.*     |
[    7.056987] cloud-init[984]: |o..oo.o.S.*      |
[    7.057630] cloud-init[984]: |o. ..o.B o.      |
[    7.058261] cloud-init[984]: |. .  .= *  o E   |
[    7.058895] cloud-init[984]: | .     = o  =    |
[    7.059533] cloud-init[984]: |      ..+.o+     |
[    7.060359] cloud-init[984]: +----[SHA256]-----+
[    7.060979] cloud-init[984]: Generating public/private dsa key pair.
[    7.061347] cloud-init[984]: Your identification has been saved in /etc/ssh/ssh_host_dsa_key.
[    7.061381] cloud-init[984]: Your public key has been saved in /etc/ssh/ssh_host_dsa_key.pub.
[    7.062050] cloud-init[984]: The key fingerprint is:
[    7.062685] cloud-init[984]: SHA256:UsTlXMVEwPW9nkBbToLxfaJVDj4gq1eGNMTvDObu2yA root@ubuntu-xenial
[    7.063325] cloud-init[984]: The key's randomart image is:
[    7.063748] cloud-init[984]: +---[DSA 1024]----+
[[0;32m  OK  [0m] Listening on LXD - unix socket.
[    7.063808] cloud-init[984]: |       ..+*o+B* .|
[    7.068946] cloud-init[984]: |       ..+.*=oo=.|
[    7.069151] cloud-init[984]: |        . =oo+=+=|
[    7.069208] cloud-init[984]: |       . .oooo*oo|
[[0;32m  OK  [0m] Listening on Socket activation for snappy daemon.
[    7.069262] cloud-init[984]: |      . So.+.o o |
[    7.080747] cloud-init[984]: |       . .. o o .|
[    7.081012] cloud-init[[984]: [0;32m  OK  [0m|        E..    o |] 
Reached target Sockets.
[    7.081072] cloud-init[984]: |         ..o     |
[    7.081106] cloud-init[984]: |         .o..    |
[    7.083184] cloud-init[984]: +----[SHA256]-----+
[    7.083453] cloud-init[984]: Generating public/private ecdsa key pair.
[    7.083879] cloud-init[984]: Your identification has been saved in /etc/ssh/ssh_host_ecdsa_key.
[    7.084111] cloud-init[984]: Your public key has been saved in /etc/ssh/ssh_host_ecdsa_key.pub.
[[0;32m  OK  [0m] Reached target Basic System.
[    7.084210] cloud-init[984]: The key fingerprint is:
[    7.104942] cloud-init[984]: SHA256:s7Z2Gvz0+jL+BURcIVFGO3ehxxD0tNCihv13iVs9hU0 root@ubuntu-xenial
         Starting Login Service...
[    7.131215] cloud-init[984]: The key's randomart image is:
[    7.140747] cloud-init[984]: +---[ECDSA 256]---+
[    7.140982] cloud-init[984]: |           .=XO+ |
[[0;32m  OK  [0m] Started ACPI event daemon.
[    7.141151] cloud-init[984]: |           ..+BoE|
[    7.150067] cloud-init[984]: |          o o.+Oo|
[    7.150403] cloud-init[984]: |         . =  oo+|
[    7.150490] cloud-init[984]: |        S . o . +|
[    7.150576] cloud-init[984]: |       . o   + =o|
[    7.150616] cloud-init[984]: |        = .   = o|
         Starting Virtualbox guest utils...
[    7.150689] cloud-init[984]: |       ..=+. o   |
[    7.155066] cloud-init[984]: |       .o++*+    |         
Starting LSB: Record successful boot for GRUB...
[    7.155282] cloud-init[984]: +----[SHA256]-----+
[    7.172816] cloud-init[984]: [Generating public/private ed25519 key pair.[0;32m  OK  [0m
] Started FUSE filesystem for LXC.
[    7.173128] cloud-init[984]: Your identification has been saved in /etc/ssh/ssh_host_ed25519_key.
[    7.177242]          cloud-initStarting System Logging Service...[984]: 
Your public key has been saved in /etc/ssh/ssh_host_ed25519_key.pub.
[    7.179660]          cloud-initStarting Accounts Service...[984]: 
The key fingerprint is:
         [    7.181494] Starting Snap Daemon...cloud-init
[984]: SHA256:ocj7W4T9hjtCqb0Fpph5iEENyErrK+tIms4RjSkCVCk root@ubuntu-xenial
[    7.183728] [cloud-init[0;32m  OK  [0m[984]: ] The key's randomart image is:Started D-Bus System Message Bus.

[    7.184012] cloud-init[984]: +--[ED25519 256]--+
[    7.187069] cloud-init[984]: |oo...            |
[    7.196396] cloud-init[984]: |oEo.             |
[    7.197908] cloud-init[984]: |+.o.    .        |
[    7.199115] cloud-init[984]: |+.+. . + .       |
[    7.200307] cloud-init[984]: |=+ .o =.S        |
[    7.202520] cloud-init[984]: |o+.= +oo o       |
[    7.203751] cloud-init[984]: |.o* ++  + o      |
[    7.207548] cloud-init[984]: |*o....oo.o       |
[    7.208790] cloud-init[984]: |O=    ++..       |
[    7.211007] cloud-init[984]: +----[SHA256]-----+
         Starting LXD - container startup/shutdown...
         Starting /etc/rc.local Compatibility...
[[0;32m  OK  [0m] Started Regular background program processing daemon.
[[0;32m  OK  [0m] Started Deferred execution scheduler.
         Starting LSB: MD monitoring daemon...
         Starting Pollinate to seed the pseudo random number generator...
[[0;32m  OK  [0m] Started System Logging Service.
[[0;32m  OK  [0m] Started iSCSI initiator daemon (iscsid).
[[0;32m  OK  [0m] Started /etc/rc.local Compatibility.
[[0;32m  OK  [0m] Started Login Service.
[[0;32m  OK  [0m] Started Unattended Upgrades Shutdown.
         Starting Authenticate and Authorize Users to Run Privileged Tasks...
         Starting Login to default iSCSI targets...
[[0;32m  OK  [0m] Started LSB: Record successful boot for GRUB.
[[0;32m  OK  [0m] Started LSB: MD monitoring daemon.
[[0;32m  OK  [0m] Started Login to default iSCSI targets.
[[0;32m  OK  [0m] Reached target Remote File Systems (Pre).
[[0;32m  OK  [0m] Reached target Remote File Systems.
         Starting LSB: automatic crash report generation...
         Starting LSB: Set the CPU Frequency Scaling governor to "ondemand"...
         Starting LSB: daemon to balance interrupts for SMP systems...
         Starting Permit User Sessions...
[[0;32m  OK  [0m] Started LXD - container startup/shutdown.
[[0;32m  OK  [0m] Started Permit User Sessions.
[[0;32m  OK  [0m] Started Authenticate and Authorize Users to Run Privileged Tasks.
[[0;32m  OK  [0m] Started Accounts Service.
[[0;32m  OK  [0m] Started LSB: automatic crash report generation.
         Starting Terminate Plymouth Boot Screen...
         Starting Hold until boot process finishes up...
[[0;32m  OK  [0m] Started Virtualbox guest utils.
[[0;32m  OK  [0m] Started LSB: Set the CPU Frequency Scaling governor to "ondemand".
[[0;32m  OK  [0m] Started LSB: daemon to balance interrupts for SMP systems.
[[0;32m  OK  [0m] Started Terminate Plymouth Boot Screen.
[[0;32m  OK  [0m] Started Hold until boot process finishes up.
         Starting Set console scheme...
[[0;32m  OK  [0m] Started Serial Getty on ttyS0.
[[0;32m  OK  [0m] Started Getty on tty1.
[[0;32m  OK  [0m] Reached target Login Prompts.
[[0;32m  OK  [0m] Started Set console scheme.
[[0;32m  OK  [0m] Started Snap Daemon.
         Starting Wait until snapd is fully seeded...
[[0;32m  OK  [0m] Started Pollinate to seed the pseudo random number generator.
         Starting OpenBSD Secure Shell server...
[[0;32m  OK  [0m] Started OpenBSD Secure Shell server.
[[0;32m  OK  [0m] Started Wait until snapd is fully seeded.
         Starting Apply the settings specified in cloud-config...
[[0;32m  OK  [0m] Reached target Multi-User System.
[[0;32m  OK  [0m] Reached target Graphical Interface.
         Starting Update UTMP about System Runlevel Changes...
[[0;32m  OK  [0m] Started Update UTMP about System Runlevel Changes.
[   10.505137] cloud-init[1325]: Generating locales (this might take a while)...
[   11.114561] cloud-init[1325]:   en_US.UTF-8... done
[   11.115858] cloud-init[1325]: Generation complete.
[   11.303148] cloud-init[1325]: Cloud-init v. 21.1-19-gbad84ad4-0ubuntu1~16.04.2 running 'modules:config' at Mon, 09 May 2022 00:28:49 +0000. Up 10.43 seconds.
[[0;32m  OK  [0m] Started Apply the settings specified in cloud-config.
         Starting Execute cloud user/final scripts...
ci-info: no authorized SSH keys fingerprints found for user ubuntu.
<14>May  9 00:28:50 ec2: 
<14>May  9 00:28:50 ec2: #############################################################
<14>May  9 00:28:50 ec2: -----BEGIN SSH HOST KEY FINGERPRINTS-----
<14>May  9 00:28:50 ec2: 1024 SHA256:UsTlXMVEwPW9nkBbToLxfaJVDj4gq1eGNMTvDObu2yA root@ubuntu-xenial (DSA)
<14>May  9 00:28:50 ec2: 256 SHA256:s7Z2Gvz0+jL+BURcIVFGO3ehxxD0tNCihv13iVs9hU0 root@ubuntu-xenial (ECDSA)
<14>May  9 00:28:50 ec2: 256 SHA256:ocj7W4T9hjtCqb0Fpph5iEENyErrK+tIms4RjSkCVCk root@ubuntu-xenial (ED25519)
<14>May  9 00:28:50 ec2: 2048 SHA256:0WPsWaLaeBOJy9u+VFSy+InsgKMCLdbcXsE20/sbK18 root@ubuntu-xenial (RSA)
<14>May  9 00:28:50 ec2: -----END SSH HOST KEY FINGERPRINTS-----
<14>May  9 00:28:50 ec2: #############################################################
-----BEGIN SSH HOST KEY KEYS-----
ecdsa-sha2-nistp256 AAAAE2VjZHNhLXNoYTItbmlzdHAyNTYAAAAIbmlzdHAyNTYAAABBBCTwRjlaEZDfzdJC9uZRxk/utcqIzQKK36WXQKT2+s/Yxzl0Tz8QnJKS2+4h0QGYS+kAtCAYsa3TRCB+ej/6ZhI= root@ubuntu-xenial
ssh-ed25519 AAAAC3NzaC1lZDI1NTE5AAAAIJ2UasLzT0WTF/bT0uF5mzWvjMs3a7fFV7GVikfg3vsC root@ubuntu-xenial
ssh-rsa AAAAB3NzaC1yc2EAAAADAQABAAABAQDkJ5JykfWC/ToSlriSLL56kD0dyC9mX847gaGifHt+LU+EBgfCUf74+Rk67AdP96xX+9JgQLMLAh10j7WzWzQQaM+zJ/WBmT3FXKeLltwuOty4m3SoGp+BcaPO+X5wBx6hV7udVS5nktJbW9CBRD+w2xGHOu7y9WFAV29l9nezJLDhMWTNi323xBzGrNbAEkH0Er2/TkhzZkpHvRyaZMYLTOtHOQ/QkqbQeBR99Njqyy3dxw6MxAER7sr4M/aChOsghftXl4IInPYIOpILux8Lzml4e3hsPJod7jjrs7p1Eb1oXjWFseO5aGmjJgtluUs+fhPORYGxLWWay+IdPNdj root@ubuntu-xenial
-----END SSH HOST KEY KEYS-----
[   11.643236] cloud-init[1368]: Cloud-init v. 21.1-19-gbad84ad4-0ubuntu1~16.04.2 running 'modules:final' at Mon, 09 May 2022 00:28:50 +0000. Up 11.53 seconds.
[   11.645668] cloud-init[1368]: ci-info: no authorized SSH keys fingerprints found for user ubuntu.
[   11.647602] cloud-init[1368]: Cloud-init v. 21.1-19-gbad84ad4-0ubuntu1~16.04.2 finished at Mon, 09 May 2022 00:28:50 +0000. Datasource DataSourceNoCloud [seed=/dev/sdb][dsmode=net].  Up 11.63 seconds
[[0;32m  OK  [0m] Started Execute cloud user/final scripts.
[[0;32m  OK  [0m] Reached target Cloud-init target.

Ubuntu 16.04.7 LTS ubuntu-xenial ttyS0

ubuntu-xenial login: [[0;32m  OK  [0m] Stopped target Timers.
[[0;32m  OK  [0m] Stopped target Graphical Interface.
[[0;32m  OK  [0m] Stopped target Cloud-init target.
[[0;32m  OK  [0m] Stopped Execute cloud user/final scripts.
[[0;32m  OK  [0m] Stopped Apply the settings specified in cloud-config.
[[0;32m  OK  [0m] Stopped target Cloud-config availability.
[[0;32m  OK  [0m] Stopped target Multi-User System.
         Stopping Unattended Upgrades Shutdown...
         Stopping LSB: Record successful boot for GRUB...
         Stopping LSB: automatic crash report generation...
         Stopping LSB: MD monitoring daemon...
         Stopping OpenBSD Secure Shell server...
         Stopping Session 2 of user vagrant.
         Stopping System Logging Service...
         Stopping LXD - container startup/shutdown...
         Stopping Accounts Service...
[[0;32m  OK  [0m] Stopped Message of the Day.
         Stopping Regular background program processing daemon...
[[0;32m  OK  [0m] Closed Load/Save RF Kill Switch Status /dev/rfkill Watch.
[[0;32m  OK  [0m] Stopped Daily apt upgrade and clean activities.
         Stopping LSB: Set the CPU Frequency Scaling governor to "ondemand"...
         Stopping LSB: daemon to balance interrupts for SMP systems...
         Stopping Deferred execution scheduler...
         Stopping ACPI event daemon...
[[0;32m  OK  [0m] Stopped Daily apt download activities.
         Stopping D-Bus System Message Bus...
         Stopping Authenticate and Authorize Users to Run Privileged Tasks...
[[0;32m  OK  [0m] Stopped Wait until snapd is fully seeded.
         Stopping Virtualbox guest utils...
[[0;32m  OK  [0m] Stopped Ubuntu Advantage update messaging.
[[0;32m  OK  [0m] Stopped target System Time Synchronized.
         Stopping User Manager for UID 1000...
         Stopping FUSE filesystem for LXC...
[[0;32m  OK  [0m] Stopped target Login Prompts.
         Stopping Getty on tty1..[[0;32m  OK  [0m] Unmounted /var/lib/lxcfs.
[[0;32m  OK  [0m] Stopped System Logging Service.
[[0;32m  OK  [0m] Stopped Accounts Service.
[[0;32m  OK  [0m] Stopped Regular background program processing daemon.
[[0;32m  OK  [0m] Stopped Deferred execution scheduler.
[[0;32m  OK  [0m] Stopped Unattended Upgrades Shutdown.
[[0;32m  OK  [0m] Stopped Authenticate and Authorize Users to Run Privileged Tasks.
[[0;32m  OK  [0m] Stopped ACPI event daemon.
[[0;32m  OK  [0m] Stopped Serial Getty on ttyS0.
[[0;32m  OK  [0m] Stopped Getty on tty1.
[[0;32m  OK  [0m] Stopped OpenBSD Secure Shell server.
[[0;32m  OK  [0m] Stopped User Manager for UID 1000.
[[0;32m  OK  [0m] Stopped D-Bus System Message Bus.
[[0;32m  OK  [0m] Stopped Session 2 of user vagrant.
[[0;32m  OK  [0m] Stopped FUSE filesystem for LXC.
[[0;32m  OK  [0m] Stopped LSB: Record successful boot for GRUB.
[[0;32m  OK  [0m] Stopped LSB: automatic crash report generation.
[[0;32m  OK  [0m] Stopped LXD - container startup/shutdown.
[[0;32m  OK  [0m] Stopped LSB: MD monitoring daemon.
[[0;32m  OK  [0m] Stopped LSB: Set the CPU Frequency Scaling governor to "ondemand".
[[0;32m  OK  [0m] Stopped LSB: daemon to balance interrupts for SMP systems.
[[0;32m  OK  [0m] Stopped Virtualbox guest utils.
[[0;32m  OK  [0m] Removed slice User Slice of vagrant.
[[0;32m  OK  [0m] Removed slice system-getty.slice.
[[0;32m  OK  [0m] Stopped /etc/rc.local Compatibility.
[[0;32m  OK  [0m] Removed slice system-serial\x2dgetty.slice.
         Stopping Permit User Sessions...
         Stopping Login Service...
[[0;32m  OK  [0m] Stopped Permit User Sessions.
[[0;32m  OK  [0m] Stopped target Remote File Systems.
         Unmounting /vagrant...
[[0;32m  OK  [0m] Unmounted /vagrant.
[[0;32m  OK  [0m] Stopped target Remote File Systems (Pre).
         Stopping Login to default iSCSI targets...
[[0;32m  OK  [0m] Stopped Login to default iSCSI targets.
         Stopping iSCSI initiator daemon (iscsid)...
[[0;32m  OK  [0m] Stopped iSCSI initiator daemon (iscsid).
[[0;32m  OK  [0m] Stopped target Network is Online.
[[0;32m  OK  [0m] Stopped target Network.
[[0;32m  OK  [0m] Stopped Login Service.
[[0;32m  OK  [0m] Stopped target User and Group Name Lookups.
[[0;32m  OK  [0m] Stopped target Basic System.
[[0;32m  OK  [0m] Stopped target Slices.
[[0;32m  OK  [0m] Removed slice User and Session Slice.
[[0;32m  OK  [0m] Stopped target Sockets.
[[0;32m  OK  [0m] Closed LXD - unix socket.
[[0;32m  OK  [0m] Closed Syslog Socket.
[[0;32m  OK  [0m] Closed Socket activation for snappy daemon.
[[0;32m  OK  [0m] Closed ACPID Listen Socket.
[[0;32m  OK  [0m] Closed UUID daemon activation socket.
[[0;32m  OK  [0m] Closed D-Bus System Message Bus Socket.
[[0;32m  OK  [0m] Stopped target Paths.
[[0;32m  OK  [0m] Stopped Dispatch Password Requests to Console Directory Watch.
[[0;32m  OK  [0m] Stopped Forward Password Requests to Wall Directory Watch.
[[0;32m  OK  [0m] Stopped ACPI Events Check.
[[0;32m  OK  [0m] Stopped target System Initialization.
[[0;32m  OK  [0m] Stopped Create Volatile Files and Directories.
[[0;32m  OK  [0m] Stopped target Encrypted Volumes.
         Stopping Load/Save Random Seed...
[[0;32m  OK  [0m] Stopped target Swap.
[[0;32m  OK  [0m] Stopped Commit a transient machine-id on disk.
[[0;32m  OK  [0m] Stopped Initial cloud-init job (metadata service crawler).
         Stopping Raise network interfaces...
[[0;32m  OK  [0m] Stopped Load/Save Random Seed.
[[0;32m  OK  [0m] Stopped Raise network interfaces.
[[0;32m  OK  [0m] Stopped Apply Kernel Variables.
[[0;32m  OK  [0m] Stopped Load Kernel Modules.
[[0;32m  OK  [0m] Stopped target Network (Pre).
[[0;32m  OK  [0m] Stopped Initial cloud-init job (pre-networking).
[[0;32m  OK  [0m] Stopped target Local File Systems.
         Unmounting /run/user/1000...
[[0;32m  OK  [0m] Unmounted /run/user/1000.
[[0;32m  OK  [0m] Reached target Unmount All Filesystems.
[[0;32m  OK  [0m] Stopped target Local File Systems (Pre).
[[0;32m  OK  [0m] Stopped Create Static Device Nodes in /dev.
[[0;32m  OK  [0m] Stopped Remount Root and Kernel File Systems.
[[0;32m  OK  [0m] Reached target Shutdown.
[  124.004869] reboot: Restarting system
[    0.000000] Initializing cgroup subsys cpuset
[    0.000000] Initializing cgroup subsys cpu
[    0.000000] Initializing cgroup subsys cpuacct
[    0.000000] Linux version 4.4.0-210-generic (buildd@lgw01-amd64-009) (gcc version 5.4.0 20160609 (Ubuntu 5.4.0-6ubuntu1~16.04.12) ) #242-Ubuntu SMP Fri Apr 16 09:57:56 UTC 2021 (Ubuntu 4.4.0-210.242-generic 4.4.262)
[    0.000000] Command line: BOOT_IMAGE=/boot/vmlinuz-4.4.0-210-generic root=LABEL=cloudimg-rootfs ro console=tty1 console=ttyS0
[    0.000000] KERNEL supported cpus:
[    0.000000]   Intel GenuineIntel
[    0.000000]   AMD AuthenticAMD
[    0.000000]   Centaur CentaurHauls
[    0.000000] x86/fpu: xstate_offset[2]:  576, xstate_sizes[2]:  256
[    0.000000] x86/fpu: Supporting XSAVE feature 0x01: 'x87 floating point registers'
[    0.000000] x86/fpu: Supporting XSAVE feature 0x02: 'SSE registers'
[    0.000000] x86/fpu: Supporting XSAVE feature 0x04: 'AVX registers'
[    0.000000] x86/fpu: Enabled xstate features 0x7, context size is 832 bytes, using 'standard' format.
[    0.000000] e820: BIOS-provided physical RAM map:
[    0.000000] BIOS-e820: [mem 0x0000000000000000-0x000000000009fbff] usable
[    0.000000] BIOS-e820: [mem 0x000000000009fc00-0x000000000009ffff] reserved
[    0.000000] BIOS-e820: [mem 0x00000000000f0000-0x00000000000fffff] reserved
[    0.000000] BIOS-e820: [mem 0x0000000000100000-0x00000000dffeffff] usable
[    0.000000] BIOS-e820: [mem 0x00000000dfff0000-0x00000000dfffffff] ACPI data
[    0.000000] BIOS-e820: [mem 0x00000000fec00000-0x00000000fec00fff] reserved
[    0.000000] BIOS-e820: [mem 0x00000000fee00000-0x00000000fee00fff] reserved
[    0.000000] BIOS-e820: [mem 0x00000000fffc0000-0x00000000ffffffff] reserved
[    0.000000] BIOS-e820: [mem 0x0000000100000000-0x000000011fffffff] usable
[    0.000000] NX (Execute Disable) protection: active
[    0.000000] SMBIOS 2.5 present.
[    0.000000] Hypervisor detected: KVM
[    0.000000] e820: last_pfn = 0x120000 max_arch_pfn = 0x400000000
[    0.000000] MTRR: Disabled
[    0.000000] x86/PAT: MTRRs disabled, skipping PAT initialization too.
[    0.000000] CPU MTRRs all blank - virtualized system.
[    0.000000] x86/PAT: Configuration [0-7]: WB  WT  UC- UC  WB  WT  UC- UC  
[    0.000000] e820: last_pfn = 0xdfff0 max_arch_pfn = 0x400000000
[    0.000000] found SMP MP-table at [mem 0x0009fff0-0x0009ffff] mapped at [ffff88000009fff0]
[    0.000000] Scanning 1 areas for low memory corruption
[    0.000000] RAMDISK: [mem 0x362dc000-0x37165fff]
[    0.000000] ACPI: Early table checksum verification disabled
[    0.000000] ACPI: RSDP 0x00000000000E0000 000024 (v02 VBOX  )
[    0.000000] ACPI: XSDT 0x00000000DFFF0030 00003C (v01 VBOX   VBOXXSDT 00000001 ASL  00000061)
[    0.000000] ACPI: FACP 0x00000000DFFF00F0 0000F4 (v04 VBOX   VBOXFACP 00000001 ASL  00000061)
[    0.000000] ACPI: DSDT 0x00000000DFFF0480 002325 (v02 VBOX   VBOXBIOS 00000002 INTL 20120111)
[    0.000000] ACPI: FACS 0x00000000DFFF0200 000040
[    0.000000] ACPI: FACS 0x00000000DFFF0200 000040
[    0.000000] ACPI: APIC 0x00000000DFFF0240 00006C (v02 VBOX   VBOXAPIC 00000001 ASL  00000061)
[    0.000000] ACPI: SSDT 0x00000000DFFF02B0 0001CC (v01 VBOX   VBOXCPUT 00000002 INTL 20120111)
[    0.000000] No NUMA configuration found
[    0.000000] Faking a node at [mem 0x0000000000000000-0x000000011fffffff]
[    0.000000] NODE_DATA(0) allocated [mem 0x11fff7000-0x11fffbfff]
[    0.000000] kvm-clock: Using msrs 4b564d01 and 4b564d00
[    0.000000] kvm-clock: cpu 0, msr 1:1ffef001, primary cpu clock
[    0.000000] kvm-clock: using sched offset of 3479262785 cycles
[    0.000000] clocksource: kvm-clock: mask: 0xffffffffffffffff max_cycles: 0x1cd42e4dffb, max_idle_ns: 881590591483 ns
[    0.000000] Zone ranges:
[    0.000000]   DMA      [mem 0x0000000000001000-0x0000000000ffffff]
[    0.000000]   DMA32    [mem 0x0000000001000000-0x00000000ffffffff]
[    0.000000]   Normal   [mem 0x0000000100000000-0x000000011fffffff]
[    0.000000]   Device   empty
[    0.000000] Movable zone start for each node
[    0.000000] Early memory node ranges
[    0.000000]   node   0: [mem 0x0000000000001000-0x000000000009efff]
[    0.000000]   node   0: [mem 0x0000000000100000-0x00000000dffeffff]
[    0.000000]   node   0: [mem 0x0000000100000000-0x000000011fffffff]
[    0.000000] Initmem setup node 0 [mem 0x0000000000001000-0x000000011fffffff]
[    0.000000] ACPI: PM-Timer IO Port: 0x4008
[    0.000000] IOAPIC[0]: apic_id 4, version 32, address 0xfec00000, GSI 0-23
[    0.000000] ACPI: INT_SRC_OVR (bus 0 bus_irq 0 global_irq 2 dfl dfl)
[    0.000000] ACPI: INT_SRC_OVR (bus 0 bus_irq 9 global_irq 9 low level)
[    0.000000] Using ACPI (MADT) for SMP configuration information
[    0.000000] smpboot: Allowing 4 CPUs, 0 hotplug CPUs
[    0.000000] PM: Registered nosave memory: [mem 0x00000000-0x00000fff]
[    0.000000] PM: Registered nosave memory: [mem 0x0009f000-0x0009ffff]
[    0.000000] PM: Registered nosave memory: [mem 0x000a0000-0x000effff]
[    0.000000] PM: Registered nosave memory: [mem 0x000f0000-0x000fffff]
[    0.000000] PM: Registered nosave memory: [mem 0xdfff0000-0xdfffffff]
[    0.000000] PM: Registered nosave memory: [mem 0xe0000000-0xfebfffff]
[    0.000000] PM: Registered nosave memory: [mem 0xfec00000-0xfec00fff]
[    0.000000] PM: Registered nosave memory: [mem 0xfec01000-0xfedfffff]
[    0.000000] PM: Registered nosave memory: [mem 0xfee00000-0xfee00fff]
[    0.000000] PM: Registered nosave memory: [mem 0xfee01000-0xfffbffff]
[    0.000000] PM: Registered nosave memory: [mem 0xfffc0000-0xffffffff]
[    0.000000] e820: [mem 0xe0000000-0xfebfffff] available for PCI devices
[    0.000000] Booting paravirtualized kernel on KVM
[    0.000000] clocksource: refined-jiffies: mask: 0xffffffff max_cycles: 0xffffffff, max_idle_ns: 7645519600211568 ns
[    0.000000] setup_percpu: NR_CPUS:512 nr_cpumask_bits:512 nr_cpu_ids:4 nr_node_ids:1
[    0.000000] PERCPU: Embedded 33 pages/cpu @ffff88011fc00000 s95192 r8192 d31784 u524288
[    0.000000] Built 1 zonelists in Node order, mobility grouping on.  Total pages: 1032056
[    0.000000] Policy zone: Normal
[    0.000000] Kernel command line: BOOT_IMAGE=/boot/vmlinuz-4.4.0-210-generic root=LABEL=cloudimg-rootfs ro console=tty1 console=ttyS0
[    0.000000] PID hash table entries: 4096 (order: 3, 32768 bytes)
[    0.000000] Memory: 4028040K/4193848K available (8644K kernel code, 1332K rwdata, 4044K rodata, 1492K init, 1164K bss, 165808K reserved, 0K cma-reserved)
[    0.000000] SLUB: HWalign=64, Order=0-3, MinObjects=0, CPUs=4, Nodes=1
[    0.000000] Kernel/User page tables isolation: enabled
[    0.000000] Hierarchical RCU implementation.
[    0.000000] 	Build-time adjustment of leaf fanout to 64.
[    0.000000] 	RCU restricting CPUs from NR_CPUS=512 to nr_cpu_ids=4.
[    0.000000] RCU: Adjusting geometry for rcu_fanout_leaf=64, nr_cpu_ids=4
[    0.000000] NR_IRQS:33024 nr_irqs:456 16
[    0.000000] Console: colour VGA+ 80x25
[    0.000000] console [tty1] enabled
[    0.000000] console [ttyS0] enabled
[    0.000000] tsc: Detected 2591.998 MHz processor
[    0.185365] Calibrating delay loop (skipped) preset value.. 5183.99 BogoMIPS (lpj=10367992)
[    0.187487] pid_max: default: 32768 minimum: 301
[    0.188670] ACPI: Core revision 20150930
[    0.190569] ACPI: 2 ACPI AML tables successfully acquired and loaded
[    0.191947] Security Framework initialized
[    0.192777] Yama: becoming mindful.
[    0.193524] AppArmor: AppArmor initialized
[    0.194742] Dentry cache hash table entries: 524288 (order: 10, 4194304 bytes)
[    0.197156] Inode-cache hash table entries: 262144 (order: 9, 2097152 bytes)
[    0.198730] Mount-cache hash table entries: 8192 (order: 4, 65536 bytes)
[    0.200006] Mountpoint-cache hash table entries: 8192 (order: 4, 65536 bytes)
[    0.202119] Initializing cgroup subsys io
[    0.203223] Initializing cgroup subsys memory
[    0.204174] Initializing cgroup subsys devices
[    0.205082] Initializing cgroup subsys freezer
[    0.206020] Initializing cgroup subsys net_cls
[    0.207191] Initializing cgroup subsys perf_event
[    0.208187] Initializing cgroup subsys net_prio
[    0.209115] Initializing cgroup subsys hugetlb
[    0.210028] Initializing cgroup subsys pids
[    0.222205] mce: CPU supports 0 MCE banks
[    0.223368] Last level iTLB entries: 4KB 64, 2MB 8, 4MB 8
[    0.225123] Last level dTLB entries: 4KB 64, 2MB 0, 4MB 0, 1GB 4
[    0.226297] Spectre V1 : Mitigation: usercopy/swapgs barriers and __user pointer sanitization
[    0.228465] Spectre V2 : Mitigation: Full generic retpoline
[    0.229728] Spectre V2 : Spectre v2 / SpectreRSB mitigation: Filling RSB on context switch
[    0.231420] Speculative Store Bypass: Vulnerable
[    0.232403] SRBDS: Unknown: Dependent on hypervisor status
[    0.233537] MDS: Mitigation: Clear CPU buffers
[    0.236787] Freeing SMP alternatives memory: 36K
[    0.242506] ftrace: allocating 32380 entries in 127 pages
[    0.289799] smpboot: APIC(0) Converting physical 0 to logical package 0
[    0.291583] smpboot: Max logical packages: 1
[    0.293544] x2apic enabled
[    0.294422] Switched APIC routing to physical x2apic.
[    0.296307] ..TIMER: vector=0x30 apic1=0 pin1=2 apic2=-1 pin2=-1
[    0.405585] smpboot: CPU0: Intel(R) Core(TM) i7-9750H CPU @ 2.60GHz (family: 0x6, model: 0x9e, stepping: 0xa)
[    0.408158] Performance Events: unsupported p6 CPU model 158 no PMU driver, software events only.
[    0.418362] KVM setup paravirtual spinlock
[    0.420285] x86: Booting SMP configuration:
[    0.421380] .... node  #0, CPUs:      #1
[    0.422392] kvm-clock: cpu 1, msr 1:1ffef041, secondary cpu clock
[    0.433887] mce: CPU supports 0 MCE banks
[    0.436845]  #2
[    0.437412] kvm-clock: cpu 2, msr 1:1ffef081, secondary cpu clock
[    0.450280] mce: CPU supports 0 MCE banks
[    0.453720]  #3
[    0.454601] kvm-clock: cpu 3, msr 1:1ffef0c1, secondary cpu clock
[    0.466481] mce: CPU supports 0 MCE banks
[    0.469592] x86: Booted up 1 node, 4 CPUs
[    0.470934] smpboot: Total of 4 processors activated (20735.98 BogoMIPS)
[    0.472547] devtmpfs: initialized
[    0.475188] evm: security.selinux
[    0.475893] evm: security.SMACK64
[    0.476589] evm: security.SMACK64EXEC
[    0.477600] evm: security.SMACK64TRANSMUTE
[    0.478820] evm: security.SMACK64MMAP
[    0.479951] evm: security.ima
[    0.480679] evm: security.capability
[    0.481614] clocksource: jiffies: mask: 0xffffffff max_cycles: 0xffffffff, max_idle_ns: 7645041785100000 ns
[    0.483847] futex hash table entries: 1024 (order: 4, 65536 bytes)
[    0.485706] pinctrl core: initialized pinctrl subsystem
[    0.487122] RTC time:  0:30:46, date: 05/09/22
[    0.488313] NET: Registered protocol family 16
[    0.500818] cpuidle: using governor ladder
[    0.512700] cpuidle: using governor menu
[    0.514219] PCCT header not found.
[    0.515372] ACPI: bus type PCI registered
[    0.516578] acpiphp: ACPI Hot Plug PCI Controller Driver version: 0.5
[    0.518664] PCI: Using configuration type 1 for base access
[    0.533861] ACPI: Added _OSI(Module Device)
[    0.535526] ACPI: Added _OSI(Processor Device)
[    0.537189] ACPI: Added _OSI(3.0 _SCP Extensions)
[    0.538478] ACPI: Added _OSI(Processor Aggregator Device)
[    0.540658] ACPI: Executed 1 blocks of module-level executable AML code
[    0.544445] ACPI: Interpreter enabled
[    0.545466] ACPI: (supports S0 S5)
[    0.546406] ACPI: Using IOAPIC for interrupt routing
[    0.547826] PCI: Using host bridge windows from ACPI; if necessary, use "pci=nocrs" and report a bug
[    0.554822] ACPI: PCI Root Bridge [PCI0] (domain 0000 [bus 00-ff])
[    0.556350] acpi PNP0A03:00: _OSC: OS supports [ASPM ClockPM Segments MSI]
[    0.558361] acpi PNP0A03:00: _OSC: not requesting OS control; OS requires [ExtendedConfig ASPM ClockPM MSI]
[    0.560780] acpi PNP0A03:00: fail to add MMCONFIG information, can't access extended PCI configuration space under this bridge.
[    0.572468] PCI host bridge to bus 0000:00
[    0.573521] pci_bus 0000:00: root bus resource [io  0x0000-0x0cf7 window]
[    0.574840] pci_bus 0000:00: root bus resource [io  0x0d00-0xffff window]
[    0.576530] pci_bus 0000:00: root bus resource [mem 0x000a0000-0x000bffff window]
[    0.578163] pci_bus 0000:00: root bus resource [mem 0xe0000000-0xfdffffff window]
[    0.579719] pci_bus 0000:00: root bus resource [bus 00-ff]
[    0.583102] pci 0000:00:01.1: legacy IDE quirk: reg 0x10: [io  0x01f0-0x01f7]
[    0.584517] pci 0000:00:01.1: legacy IDE quirk: reg 0x14: [io  0x03f6]
[    0.585856] pci 0000:00:01.1: legacy IDE quirk: reg 0x18: [io  0x0170-0x0177]
[    0.587192] pci 0000:00:01.1: legacy IDE quirk: reg 0x1c: [io  0x0376]
[    0.617562] pci 0000:00:07.0: quirk: [io  0x4000-0x403f] claimed by PIIX4 ACPI
[    0.620463] pci 0000:00:07.0: quirk: [io  0x4100-0x410f] claimed by PIIX4 SMB
[    0.642526] ACPI: PCI Interrupt Link [LNKA] (IRQs 5 9 10 *11)
[    0.644260] ACPI: PCI Interrupt Link [LNKB] (IRQs 5 9 *10 11)
[    0.645737] ACPI: PCI Interrupt Link [LNKC] (IRQs 5 *9 10 11)
[    0.647516] ACPI: PCI Interrupt Link [LNKD] (IRQs 5 9 10 *11)
[    0.649022] ACPI: Enabled 2 GPEs in block 00 to 07
[    0.650240] vgaarb: setting as boot device: PCI:0000:00:02.0
[    0.651948] vgaarb: device added: PCI:0000:00:02.0,decodes=io+mem,owns=io+mem,locks=none
[    0.654117] vgaarb: loaded
[    0.654746] vgaarb: bridge control possible 0000:00:02.0
[    0.656188] SCSI subsystem initialized
[    0.657138] ACPI: bus type USB registered
[    0.658003] usbcore: registered new interface driver usbfs
[    0.659096] usbcore: registered new interface driver hub
[    0.660181] usbcore: registered new device driver usb
[    0.661465] PCI: Using ACPI for IRQ routing
[    0.662669] NetLabel: Initializing
[    0.663440] NetLabel:  domain hash size = 128
[    0.664454] NetLabel:  protocols = UNLABELED CIPSOv4
[    0.665469] NetLabel:  unlabeled traffic allowed by default
[    0.666629] amd_nb: Cannot enumerate AMD northbridges
[    0.668117] clocksource: Switched to clocksource kvm-clock
[    0.673648] AppArmor: AppArmor Filesystem Enabled
[    0.674627] pnp: PnP ACPI init
[    0.676258] pnp: PnP ACPI: found 3 devices
[    0.684440] clocksource: acpi_pm: mask: 0xffffff max_cycles: 0xffffff, max_idle_ns: 2085701024 ns
[    0.687052] NET: Registered protocol family 2
[    0.688188] TCP established hash table entries: 32768 (order: 6, 262144 bytes)
[    0.689712] TCP bind hash table entries: 32768 (order: 7, 524288 bytes)
[    0.691210] TCP: Hash tables configured (established 32768 bind 32768)
[    0.692463] UDP hash table entries: 2048 (order: 4, 65536 bytes)
[    0.693597] UDP-Lite hash table entries: 2048 (order: 4, 65536 bytes)
[    0.695613] NET: Registered protocol family 1
[    0.696555] pci 0000:00:00.0: Limiting direct PCI/PCI transfers
[    0.697721] pci 0000:00:01.0: Activating ISA DMA hang workarounds
[    0.699033] Unpacking initramfs...
[    0.858871] Freeing initrd memory: 14888K
[    0.859787] PCI-DMA: Using software bounce buffering for IO (SWIOTLB)
[    0.861053] software IO TLB: mapped [mem 0xdbff0000-0xdfff0000] (64MB)
[    0.862359] clocksource: tsc: mask: 0xffffffffffffffff max_cycles: 0x255cb518234, max_idle_ns: 440795279333 ns
[    0.864319] platform rtc_cmos: registered platform RTC device (no PNP device found)
[    0.865953] Scanning for low memory corruption every 60 seconds
[    0.867536] audit: initializing netlink subsys (disabled)
[    0.868760] audit: type=2000 audit(1652056251.777:1): initialized
[    0.870259] Initialise system trusted keyring
[    0.871327] HugeTLB registered 2 MB page size, pre-allocated 0 pages
[    0.873668] zbud: loaded
[    0.874549] VFS: Disk quotas dquot_6.6.0
[    0.875408] VFS: Dquot-cache hash table entries: 512 (order 0, 4096 bytes)
[    0.876944] squashfs: version 4.0 (2009/01/31) Phillip Lougher
[    0.878367] fuse init (API version 7.23)
[    0.879340] Key type big_key registered
[    0.880186] Allocating IMA MOK and blacklist keyrings.
[    0.882513] Key type asymmetric registered
[    0.883372] Asymmetric key parser 'x509' registered
[    0.884442] Block layer SCSI generic (bsg) driver version 0.4 loaded (major 249)
[    0.886449] io scheduler noop registered
[    0.887425] io scheduler deadline registered (default)
[    0.888819] io scheduler cfq registered
[    0.889898] pci_hotplug: PCI Hot Plug PCI Core version: 0.5
[    0.890998] pciehp: PCI Express Hot Plug Controller Driver version: 0.4
[    0.892601] ACPI: AC Adapter [AC] (on-line)
[    0.893524] input: Power Button as /devices/LNXSYSTM:00/LNXPWRBN:00/input/input0
[    0.895073] ACPI: Power Button [PWRF]
[    0.895920] input: Sleep Button as /devices/LNXSYSTM:00/LNXSLPBN:00/input/input1
[    0.897715] ACPI: Sleep Button [SLPF]
[    0.898670] GHES: HEST is not enabled!
[    0.899783] ACPI: Battery Slot [BAT0] (battery present)
[    0.901112] Serial: 8250/16550 driver, 32 ports, IRQ sharing enabled
[    0.923083] 00:02: ttyS0 at I/O 0x3f8 (irq = 4, base_baud = 115200) is a 16550A
[    0.926983] Linux agpgart interface v0.103
[    0.929658] loop: module loaded
[    0.930802] scsi host0: ata_piix
[    0.931623] scsi host1: ata_piix
[    0.932464] ata1: PATA max UDMA/33 cmd 0x1f0 ctl 0x3f6 bmdma 0xd000 irq 14
[    0.933748] ata2: PATA max UDMA/33 cmd 0x170 ctl 0x376 bmdma 0xd008 irq 15
[    0.935148] libphy: Fixed MDIO Bus: probed
[    0.936348] tun: Universal TUN/TAP device driver, 1.6
[    0.937375] tun: (C) 1999-2004 Max Krasnyansky <maxk@qualcomm.com>
[    0.938650] PPP generic driver version 2.4.2
[    0.939636] ehci_hcd: USB 2.0 'Enhanced' Host Controller (EHCI) Driver
[    0.940939] ehci-pci: EHCI PCI platform driver
[    0.941849] ehci-platform: EHCI generic platform driver
[    0.942882] ohci_hcd: USB 1.1 'Open' Host Controller (OHCI) Driver
[    0.944071] ohci-pci: OHCI PCI platform driver
[    0.945054] ohci-platform: OHCI generic platform driver
[    0.946125] uhci_hcd: USB Universal Host Controller Interface driver
[    0.947388] i8042: PNP: PS/2 Controller [PNP0303:PS2K,PNP0f03:PS2M] at 0x60,0x64 irq 1,12
[    0.949486] serio: i8042 KBD port at 0x60,0x64 irq 1
[    0.950570] serio: i8042 AUX port at 0x60,0x64 irq 12
[    0.952043] mousedev: PS/2 mouse device common for all mice
[    0.953692] input: AT Translated Set 2 keyboard as /devices/platform/i8042/serio0/input/input2
[    0.955850] rtc_cmos rtc_cmos: rtc core: registered rtc_cmos as rtc0
[    0.957160] rtc_cmos rtc_cmos: alarms up to one day, 114 bytes nvram
[    0.958367] i2c /dev entries driver
[    0.959151] device-mapper: uevent: version 1.0.3
[    0.960199] device-mapper: ioctl: 4.34.0-ioctl (2015-10-28) initialised: dm-devel@redhat.com
[    0.961941] ledtrig-cpu: registered to indicate activity on CPUs
[    0.963379] NET: Registered protocol family 10
[    0.964512] NET: Registered protocol family 17
[    0.965425] Key type dns_resolver registered
[    0.966695] registered taskstats version 1
[    0.967568] Loading compiled-in X.509 certificates
[    0.969111] Loaded X.509 cert 'Build time autogenerated kernel key: cf00e047681d67edb2720680708b7d9498083038'
[    0.971173] zswap: loaded using pool lzo/zbud
[    0.973437] Key type trusted registered
[    0.976902] Key type encrypted registered
[    0.977883] AppArmor: AppArmor sha1 policy hashing enabled
[    0.978960] ima: No TPM chip found, activating TPM-bypass!
[    0.980039] ima: Allocated hash algorithm: sha1
[    0.981029] evm: HMAC attrs: 0x1
[    0.982134]   Magic number: 6:144:506
[    0.983025] rtc_cmos rtc_cmos: setting system clock to 2022-05-09 00:30:47 UTC (1652056247)
[    0.985009] BIOS EDD facility v0.16 2004-Jun-25, 0 devices found
[    0.986227] EDD information not available.
[    1.236271] Freeing unused kernel memory: 1492K
[    1.237691] Write protecting the kernel read-only data: 14336k
[    1.239808] Freeing unused kernel memory: 1584K
[    1.241177] Freeing unused kernel memory: 52K
Loading, please wait...
starting version 229
[    1.254943] random: systemd-udevd: uninitialized urandom read (16 bytes read, 3 bits of entropy available)
[    1.255530] random: udevadm: uninitialized urandom read (16 bytes read, 3 bits of entropy available)
[    1.255560] random: udevadm: uninitialized urandom read (16 bytes read, 3 bits of entropy available)
[    1.262559] random: systemd-udevd: uninitialized urandom read (16 bytes read, 3 bits of entropy available)
[    1.263495] random: udevadm: uninitialized urandom read (16 bytes read, 3 bits of entropy available)
[    1.263542] random: udevadm: uninitialized urandom read (16 bytes read, 3 bits of entropy available)
[    1.263759] random: udevadm: uninitialized urandom read (16 bytes read, 3 bits of entropy available)
[    1.263811] random: udevadm: uninitialized urandom read (16 bytes read, 3 bits of entropy available)
[    1.263860] random: udevadm: uninitialized urandom read (16 bytes read, 3 bits of entropy available)
[    1.263910] random: udevadm: uninitialized urandom read (16 bytes read, 3 bits of entropy available)
[    1.309946] Fusion MPT base driver 3.04.20
[    1.311452] Copyright (c) 1999-2008 LSI Corporation
[    1.318552] e1000: Intel(R) PRO/1000 Network Driver - version 7.3.21-k8-NAPI
[    1.320909] e1000: Copyright (c) 1999-2006 Intel Corporation.
[    1.325291] AVX2 version of gcm_enc/dec engaged.
[    1.326699] AES CTR mode by8 optimization enabled
[    1.330174] Fusion MPT SPI Host driver 3.04.20
[    1.523029] input: ImExPS/2 Generic Explorer Mouse as /devices/platform/i8042/serio1/input/input4
[    1.714227] e1000 0000:00:03.0 eth0: (PCI:33MHz:32-bit) 02:be:82:6b:cc:1d
[    1.716096] e1000 0000:00:03.0 eth0: Intel(R) PRO/1000 Network Connection
[    1.718639] mptbase: ioc0: Initiating bringup
[    1.785001] ioc0: LSI53C1030 A0: Capabilities={Initiator}
[    1.963415] scsi host2: ioc0: LSI53C1030 A0, FwRev=00000000h, Ports=1, MaxQ=256, IRQ=20
[    2.077234] scsi 2:0:0:0: Direct-Access     VBOX     HARDDISK         1.0  PQ: 0 ANSI: 5
[    2.081362] scsi target2:0:0: Beginning Domain Validation
[    2.084147] scsi target2:0:0: Domain Validation skipping write tests
[    2.085881] scsi target2:0:0: Ending Domain Validation
[    2.087309] scsi target2:0:0: asynchronous
[    2.088814] scsi 2:0:1:0: Direct-Access     VBOX     HARDDISK         1.0  PQ: 0 ANSI: 5
[    2.091035] scsi target2:0:1: Beginning Domain Validation
[    2.093320] scsi target2:0:1: Domain Validation skipping write tests
[    2.094949] scsi target2:0:1: Ending Domain Validation
[    2.096392] scsi target2:0:1: asynchronous
[    2.103193] sd 2:0:0:0: [sda] 83886080 512-byte logical blocks: (42.9 GB/40.0 GiB)
[    2.103286] sd 2:0:0:0: Attached scsi generic sg0 type 0
[    2.104051] sd 2:0:1:0: [sdb] 20480 512-byte logical blocks: (10.5 MB/10.0 MiB)
[    2.104185] sd 2:0:1:0: Attached scsi generic sg1 type 0
[    2.104459] sd 2:0:1:0: [sdb] Write Protect is off
[    2.104720] sd 2:0:1:0: [sdb] Incomplete mode parameter data
[    2.104721] sd 2:0:1:0: [sdb] Assuming drive cache: write through
[    2.106795] sd 2:0:1:0: [sdb] Attached SCSI disk
[    2.117487] sd 2:0:0:0: [sda] Write Protect is off
[    2.119061] sd 2:0:0:0: [sda] Incomplete mode parameter data
[    2.120557] sd 2:0:0:0: [sda] Assuming drive cache: write through
[    2.123656]  sda: sda1
[    2.125343] sd 2:0:0:0: [sda] Attached SCSI disk
[    2.478944] e1000 0000:00:08.0 eth1: (PCI:33MHz:32-bit) 08:00:27:a3:76:59
[    2.481195] e1000 0000:00:08.0 eth1: Intel(R) PRO/1000 Network Connection
[    2.484640] e1000 0000:00:03.0 enp0s3: renamed from eth0
[    2.501128] e1000 0000:00:08.0 enp0s8: renamed from eth1
Begin: Loading essential drivers ... [    3.793130] md: linear personality registered for level -1
[    3.796038] md: multipath personality registered for level -4
[    3.798952] md: raid0 personality registered for level 0
[    3.803516] md: raid1 personality registered for level 1
[    3.872177] raid6: sse2x1   gen() 13364 MB/s
[    3.940149] raid6: sse2x1   xor()  9884 MB/s
[    4.008167] raid6: sse2x2   gen() 16163 MB/s
[    4.076186] raid6: sse2x2   xor() 11117 MB/s
[    4.144186] raid6: sse2x4   gen() 18942 MB/s
[    4.212149] raid6: sse2x4   xor() 12139 MB/s
[    4.280171] raid6: avx2x1   gen() 22814 MB/s
[    4.348170] raid6: avx2x2   gen() 30545 MB/s
[    4.416246] raid6: avx2x4   gen() 31959 MB/s
[    4.417410] raid6: using algorithm avx2x4 gen() 31959 MB/s
[    4.418659] raid6: using avx2x2 recovery algorithm
[    4.421214] xor: automatically using best checksumming function:
[    4.460150]    avx       : 25588.000 MB/sec
[    4.462328] async_tx: api initialized (async)
[    4.471472] md: raid6 personality registered for level 6
[    4.472802] md: raid5 personality registered for level 5
[    4.473876] md: raid4 personality registered for level 4
[    4.479555] md: raid10 personality registered for level 10
done.
Begin: Running /scripts/init-premount ... done.
Begin: Mounting root file system ... Begin: Running /scripts/local-top ... done.
Begin: Running /scripts/local-premount ... [    4.503673] Btrfs loaded
Scanning for Btrfs filesystems
done.
Warning: fsck not present, so skipping root file system
[    4.525369] EXT4-fs (sda1): mounted filesystem with ordered data mode. Opts: (null)
done.
Begin: Running /scripts/local-bottom ... done.
Begin: Running /scripts/init-bottom ... done.
[    4.579737] systemd[1]: systemd 229 running in system mode. (+PAM +AUDIT +SELINUX +IMA +APPARMOR +SMACK +SYSVINIT +UTMP +LIBCRYPTSETUP +GCRYPT +GNUTLS +ACL +XZ -LZ4 +SECCOMP +BLKID +ELFUTILS +KMOD -IDN)
[    4.591369] systemd[1]: Detected virtualization oracle.
[    4.592843] systemd[1]: Detected architecture x86-64.

Welcome to [1mUbuntu 16.04.7 LTS[0m!

[    4.596176] systemd[1]: Set hostname to <jenkins-master>.
[    4.671039] systemd[1]: Reached target System Time Synchronized.
[[0;32m  OK  [0m] Reached target System Time Synchronized.
[    4.673617] systemd[1]: Set up automount Arbitrary Executable File Formats File System Automount Point.
[[0;32m  OK  [0m] Set up automount Arbitrary Executab...ats File System Automount Point.
[    4.676933] systemd[1]: Listening on Journal Audit Socket.
[[0;32m  OK  [0m] Listening on Journal Audit Socket.
[    4.684851] systemd[1]: Listening on Journal Socket.
[[0;32m  OK  [0m] Listening on Journal Socket.
[    4.687231] systemd[1]: Reached target User and Group Name Lookups.
[[0;32m  OK  [0m] Reached target User and Group Name Lookups.
[    4.690132] systemd[1]: Listening on udev Control Socket.
[[0;32m  OK  [0m] Listening on udev Control Socket.
[    4.692753] systemd[1]: Listening on LVM2 metadata daemon socket.
[[0;32m  OK  [0m] Listening on LVM2 metadata daemon socket.
[    4.695534] systemd[1]: Created slice User and Session Slice.
[[0;32m  OK  [0m] Created slice User and Session Slice.
[    4.704743] systemd[1]: Listening on udev Kernel Socket.
[[0;32m  OK  [0m] Listening on udev Kernel Socket.
[    4.707460] systemd[1]: Listening on Journal Socket (/dev/log).
[[0;32m  OK  [0m] Listening on Journal Socket (/dev/log).
[    4.709908] systemd[1]: Reached target Encrypted Volumes.
[[0;32m  OK  [0m] Reached target Encrypted Volumes.
[    4.721297] systemd[1]: Created slice System Slice.
[[0;32m  OK  [0m] Created slice System Slice.
[    4.724384] systemd[1]: Reached target Slices.
[[0;32m  OK  [0m] Reached target Slices.
[    4.736535] systemd[1]: Mounting Debug File System...
         Mounting Debug File System...
[    4.742780] systemd[1]: Starting Load Kernel Modules...
         Starting Load Kernel Modules...
[    4.746555] systemd[1]: Starting Create list of required static device nodes for the current kernel...
[    4.749493] Loading iSCSI transport class v2.0-870.
         Starting Create list of required st... nodes for the current kernel...
[    4.752481] systemd[1]: Created slice system-serial\x2dgetty.slice.
[[0;32m  OK  [0m] Created slice system-serial\x2dgetty.slice.
[    4.755835] systemd[1]: Starting Uncomplicated firewall...
         Starting Uncomplicated firewall...
[    4.759149] systemd[1]: Mounting Huge Pages File System...

    4.760733] iscsi: registered transport (tcp)
         Mounting Huge Pages File System...
[    4.763209] systemd[1]: Started Trigger resolvconf update for networkd DNS.
[[0;32m  OK  [0m] Started Trigger resolvconf update for networkd DNS.
[    4.766771] systemd[1]: Reached target Swap.
[[0;32m  OK  [0m] Reached target Swap.
[    4.769560] systemd[1]: Mounting POSIX Message Queue File System...
         Mounting POSIX Message Queue File System...
[    4.772759] systemd[1]: Started Forward Password Requests to Wall Directory Watch.
[[0;32m  OK  [0m] Started Forward Password Requests to Wall Directory Watch.
[    4.776252] systemd[1]: Listening on Syslog Socket.
[[0;32m  OK  [0m] Listening on Syslog Socket.
[    4.779180] systemd[1]: Starting Journal Service...
         Starting Journal Service...
[    4.782129] systemd[1]: Listening on fsck to fsckd communication Socket.
[[0;32m  OK  [0m] Listening on fsck to fsckd communication Socket.
[    4.786598] systemd[1]: Starting File System Check on Root Device...
         Starting File System Check on Root Device...
[    4.789860] systemd[1]: Listening on LVM2 poll daemon socket.
[[0;32m  OK  [0m] Listening on LVM2 poll daemon socket.
[    4.794121] systemd[1]: Starting Nameserver information manager...
         Starting Nameserver information manager...
[    4.797705] systemd[1]: Listening on /dev/initctl Compatibility Named Pipe.
[[0;32m  OK  [0m] Listening on /dev/initctl Compatibility Named Pipe.
[    4.801629] systemd[1]: Starting Set console keymap...
         Starting Set console keymap...
[    4.803826] iscsi: registered transport (iser)
[    4.803870] systemd[1]: Listening on Device-mapper event daemon FIFOs.
[[0;32m  OK  [0m] Listening on Device-mapper event daemon FIFOs.
[    4.807778] systemd[1]: Starting Monitoring of LVM2 mirrors, snapshots etc. using dmeventd or progress polling...
         Starting Monitoring of LVM2 mirrors... dmeventd or progress polling...
[    4.812777] systemd[1]: Mounted Huge Pages File System.
[[0;32m  OK  [0m] Mounted Huge Pages File System.
[    4.815224] systemd[1]: Mounted POSIX Message Queue File System.
[[0;32m  OK  [0m] Mounted POSIX Message Queue File System.
[    4.817497] systemd[1]: Mounted Debug File System.
[[0;32m  OK  [0m] Mounted Debug File System.
[    4.819409] systemd[1]: Started Journal Service.
[[0;32m  OK  [0m] Started Journal Service.
[[0;32m  OK  [0m] Started Load Kernel Modules.
[[0;32m  OK  [0m] Started Create list of required sta...ce nodes for the current kernel.
[[0;32m  OK  [0m] Started Uncomplicated firewall.
[[0;32m  OK  [0m] Started File System Check on Root Device.
[[0;32m  OK  [0m] Started Set console keymap.
[[0;32m  OK  [0m] Started Nameserver information manager.
[[0;32m  OK  [0m] Started LVM2 metadata daemon.
[[0;32m  OK  [0m] Started File System Check Daemon to report status.
         Starting Remount Root and Kernel File Systems...
         Starting Create Static Device Nodes in /dev...
[    4.845779] EXT4-fs (sda1): re-mounted. Opts: (null)
         Starting Apply Kernel Variables...
         Mounting FUSE Control File System...
[[0;32m  OK  [0m] Mounted FUSE Control File System.
[[0;32m  OK  [0m] Started Remount Root and Kernel File Systems.
[[0;32m  OK  [0m] Started Apply Kernel Variables.
         Starting Flush Journal to Persistent Storage...
         Starting Load/Save Random Seed...
         Starting udev Coldplug all Devices...
[[0;32m  OK  [0m] Started Create Static Device Nodes in /dev.
[[0;32m  OK  [0m] Started Load/Save Random Seed.
         Starting udev Kernel Device Manager...
[[0;32m  OK  [0m] Started Flush Journal to Persistent Storage.
[[0;32m  OK  [0m] Started udev Kernel Device Manager.
[[0;32m  OK  [0m] Started udev Coldplug all Devices.
[[0;32m  OK  [0m] Started Dispatch Password Requests to Console Directory Watch.
[[0;32m  OK  [0m] Found device /dev/ttyS0.
[[0;32m  OK  [0m] Listening on Load/Save RF Kill Switch Status /dev/rfkill Watch.
[[0;32m  OK  [0m] Found device 82540EM Gigabit Ethern...r (PRO/1000 MT Desktop Adapter).
[[0;32m  OK  [0m] Started Monitoring of LVM2 mirrors,...ng dmeventd or progress polling.
[[0;32m  OK  [0m] Reached target Local File Systems (Pre).
[[0;32m  OK  [0m] Reached target Local File Systems.
         Starting Initial cloud-init job (pre-networking)...
         Starting LSB: AppArmor initialization...
         Starting Tell Plymouth To Write Out Runtime Data...
         Starting Set console font and keymap...
         Starting Create Volatile Files and Directories...
[[0;32m  OK  [0m] Started Tell Plymouth To Write Out Runtime Data.
[[0;32m  OK  [0m] Started Create Volatile Files and Directories.
         Starting Update UTMP about System Boot/Shutdown...
[[0;32m  OK  [0m] Found device 82540EM Gigabit Ethern...r (PRO/1000 MT Desktop Adapter).
[[0;32m  OK  [0m] Started Update UTMP about System Boot/Shutdown.
[[0;32m  OK  [0m] Started LSB: AppArmor initialization.
         Starting Load AppArmor profiles managed internally by snapd...
[[0;32m  OK  [0m] Started Load AppArmor profiles managed internally by snapd.
[[0;32m  OK  [0m] Started Set console font and keymap.
[[0;32m  OK  [0m] Created slice system-getty.slice.
[    5.529968] cloud-init[657]: Cloud-init v. 21.1-19-gbad84ad4-0ubuntu1~16.04.2 running 'init-local' at Mon, 09 May 2022 00:30:52 +0000. Up 5.36 seconds.
[[0;32m  OK  [0m] Started Initial cloud-init job (pre-networking).
[[0;32m  OK  [0m] Reached target Network (Pre).
[[0;32m  OK  [0m] Started ifup for enp0s8.
[[0;32m  OK  [0m] Started ifup for enp0s3.
         Starting Raise network interfaces...
[[0;32m  OK  [0m] Started Raise network interfaces.
         Starting Initial cloud-init job (metadata service crawler)...
[[0;32m  OK  [0m] Reached target Network.
[    6.039399] cloud-init[1101]: Cloud-init v. 21.1-19-gbad84ad4-0ubuntu1~16.04.2 running 'init' at Mon, 09 May 2022 00:30:52 +0000. Up 5.89 seconds.
[    6.041607] cloud-init[1101]: ci-info: ++++++++++++++++++++++++++++++++++++++Net device info+++++++++++++++++++++++++++++++++++++++
[    6.044447] cloud-init[1101]: ci-info: +--------+------+-----------------------------+---------------+--------+-------------------+
[    6.046472] cloud-init[1101]: ci-info: | Device |  Up  |           Address           |      Mask     | Scope  |     Hw-Address    |
[    6.056629] cloud-init[1101]: ci-info: +--------+------+-----------------------------+---------------+--------+-------------------+
[    6.064501] cloud-init[1101]: ci-info: | enp0s3 | True |          10.0.2.15          | 255.255.255.0 | global | 02:be:82:6b:cc:1d |
[    6.072551] [cloud-init[0;32m  OK  [0m[1101]: ] ci-info: | enp0s3 | True |  fe80::be:82ff:fe6b:cc1d/64 |       .       |  link  | 02:be:82:6b:cc:1d |Started Initial cloud-init job (metadata service crawler).

[[0;32m  OK  [0m] Reached target Network is Online.
[    6.073490] cloud-init[1101]: ci-info: | enp0s8 | True |        192.168.56.10        | 255.255.255.0 | global | 08:00:27:a3:76:59 |
[    6.077043] cloud-init[1101]: ci-info: | enp0s8 | True | fe80::a00:27ff:fea3:7659/64 |       .       |  link  | 08:00:27:a3:76:59 |
[    6.079563] cloud-init[1101]: ci-info: |   lo   | True |          127.0.0.1          |   255.0.0.0   |  host  |         .         |
[    6.081310] cloud-init[1101]: ci-info: |   lo   | True |           ::1/128           |       .       |  host  |         .         |
[    6.083446] cloud-init[1101]: ci-info: +--------+------+-----------------------------+---------------+--------+-------------------+
[    6.086101]          Starting iSCSI initiator daemon (iscsid)...
[[0;32m  OK  [0m] Reached target System Initialization.
cloud-init[1101]: ci-info: ++++++++++++++++++++++++++++Route IPv4 info++++++++++++++++++++++++++++
[    6.090203] cloud-init[[0;32m  OK  [0m] Started Ubuntu Advantage update messaging.
         Starting Socket activation for snappy daemon.
[1101]: ci-info: +-------+--------------+----------+---------------+-----------+-------+
[    6.094279]          Starting LXD - unix socket.
cloud-init[1101]: ci-info: | Route | Destination  | Gateway  |    Genmask    | Interface | Flags |[[0;32m  OK  [0m] Started ACPI Events Check.
[[0;32m  OK  [0m] Reached target Paths.
[[0;32m  OK  [0m] Started Daily Cleanup of Temporary Directories.
[[0;32m  OK  [0m] Listening on D-Bus System Message Bus Socket.
[[0;32m  OK  [0m] Listening on ACPID Listen Socket.
[[0;32m  OK  [0m] Started Daily apt download activities.
[[0;32m  OK  [0m] Started Daily apt upgrade and clean activities.

[    6.100239] [[0;32m  OK  [0m] Started Message of the Day.
[[0;32m  OK  [0m] Reached target Timers.
cloud-init[1101]: ci-info: +-------+--------------+----------+---------------+-----------+-------+
[    6.105354] [[0;32m  OK  [0m] Listening on UUID daemon activation socket.
[[0;32m  OK  [0m] Reached target Cloud-config availability.
[cloud-init[1101]: [0;32m  OK  [0m] Listening on Socket activation for snappy daemon.
[[0;32m  OK  [0m] Listening on LXD - unix socket.
[[0;32m  OK  [0m] Reached target Sockets.
[[0;32m  OK  [0m] Reached target Basic System.
ci-info: |   0   |   0.0.0.0    | 10.0.2.2 |    0.0.0.0    |   enp0s3  |   UG  |
         Starting LXD - container startup/shutdown...
[    6.112545] cloud-init[[0;32m  OK  [0m] Started Deferred execution scheduler.
[1101]: [[0;32m  OK  [0m] Started D-Bus System Message Bus.
ci-info: |   1   |   10.0.2.0   | 0.0.0.0  | 255.255.255.0 |   enp0s3  |   U   |
[    6.116250] cloud-init[1101]: ci-info: |   2   | 192.168.56.0 | 0.0.0.0  | 255.255.255.0 |   enp0s8  |   U   |
[    6.117947] cloud-init[1101]: ci-info: +-------+--------------+----------+---------------+-----------+-------+
[    6.119650] cloud-init[1101]: ci-info: +++++++++++++++++++Route IPv6 info+++++++++++++++++++
[    6.121282] cloud-init[1101]: ci-info: +-------+-------------+---------+-----------+-------+
[    6.122738] cloud-init[1101]: ci-info: | Route | Destination | Gateway | Interface | Flags |
[    6.124253] cloud-init[1101]: ci-info: +-------+-------------+---------+-----------+-------+
[    6.125714] cloud-init[1101]: ci-info: |   0   |  fe80::/64  |    ::   |   enp0s8  |   U   |
[    6.127177] cloud-init[1101]: ci-info: |   1   |  fe80::/64  |    ::   |   enp0s3  |   U   |
[    6.128686] cloud-init[1101]: ci-info: |   4   |   ff00::/8  |    ::   |   enp0s8  |   U   |
[    6.130198] cloud-init[1101]: ci-info: |   5   |   ff00::/8  |    ::   |   enp0s3  |   U   |
[    6.132036] cloud-init[1101]: ci-info: +-------+-------------+---------+-----------+-------+
         Starting System Logging Service...
         Starting /etc/rc.local Compatibility...
         Starting LSB: MD monitoring daemon...
         Starting Virtualbox guest utils...
[[0;32m  OK  [0m] Started Regular background program processing daemon.
         Starting OpenBSD Secure Shell server...
[[0;32m  OK  [0m] Started FUSE filesystem for LXC.
[[0;32m  OK  [0m] Started ACPI event daemon.
         Starting Login Service...
         Starting Accounts Service...
         Starting LSB: Record successful boot for GRUB...
         Starting Snap Daemon...
[[0;32m  OK  [0m] Started System Logging Service.
[[0;32m  OK  [0m] Started iSCSI initiator daemon (iscsid).
[[0;32m  OK  [0m] Started LXD - container startup/shutdown.
[[0;32m  OK  [0m] Started /etc/rc.local Compatibility.
[[0;32m  OK  [0m] Started OpenBSD Secure Shell server.
[[0;32m  OK  [0m] Started Login Service.
[[0;32m  OK  [0m] Started Unattended Upgrades Shutdown.
         Starting Login to default iSCSI targets...
[[0;32m  OK  [0m] Started LSB: Record successful boot for GRUB.
[[0;32m  OK  [0m] Started Login to default iSCSI targets.
[[0;32m  OK  [0m] Reached target Remote File Systems (Pre).
         Mounting /vagrant...
[[0;32m  OK  [0m] Started LSB: MD monitoring daemon.
[[0;1;31mFAILED[0m] Failed to mount /vagrant.
See 'systemctl status vagrant.mount' for details.
[[0;1;33mDEPEND[0m] Dependency failed for Remote File Systems.
         Starting Authenticate and Authorize Users to Run Privileged Tasks...
         Starting LSB: Set the CPU Frequency Scaling governor to "ondemand"...
         Starting LSB: automatic crash report generation...
         Starting LSB: daemon to balance interrupts for SMP systems...
         Starting Permit User Sessions...
[[0;32m  OK  [0m] Started Permit User Sessions.
[[0;32m  OK  [0m] Started Virtualbox guest utils.
[[0;32m  OK  [0m] Started Authenticate and Authorize Users to Run Privileged Tasks.
         Starting Terminate Plymouth Boot Screen...
         Starting Hold until boot process finishes up...
[[0;32m  OK  [0m] Started Hold until boot process finishes up.
[[0;32m  OK  [0m] Started LSB: Set the CPU Frequency Scaling governor to "ondemand".
[[0;32m  OK  [0m] Started LSB: daemon to balance interrupts for SMP systems.
[[0;32m  OK  [0m] Started Terminate Plymouth Boot Screen.
[[0;32m  OK  [0m] Started LSB: automatic crash report generation.
[[0;32m  OK  [0m] Started Accounts Service.
[[0;32m  OK  [0m] Started Getty on tty1.
[[0;32m  OK  [0m] Started Serial Getty on ttyS0.
[[0;32m  OK  [0m] Reached target Login Prompts.
         Starting Set console scheme...
[[0;32m  OK  [0m] Started Set console scheme.
[[0;32m  OK  [0m] Started Snap Daemon.
         Starting Wait until snapd is fully seeded...
[[0;32m  OK  [0m] Started Wait until snapd is fully seeded.
[[0;32m  OK  [0m] Reached target Multi-User System.
[[0;32m  OK  [0m] Reached target Graphical Interface.
         Starting Update UTMP about System Runlevel Changes...
         Starting Apply the settings specified in cloud-config...
[[0;32m  OK  [0m] Started Update UTMP about System Runlevel Changes.
[    6.696614] cloud-init[1357]: Cloud-init v. 21.1-19-gbad84ad4-0ubuntu1~16.04.2 running 'modules:config' at Mon, 09 May 2022 00:30:53 +0000. Up 6.61 seconds.
[[0;32m  OK  [0m] Started Apply the settings specified in cloud-config.
         Starting Execute cloud user/final scripts...
[    7.067161] cloud-init[1367]: Cloud-init v. 21.1-19-gbad84ad4-0ubuntu1~16.04.2 running 'modules:final' at Mon, 09 May 2022 00:30:53 +0000. Up 6.98 seconds.
[    7.069363] cloud-init[1367]: Cloud-init v. 21.1-19-gbad84ad4-0ubuntu1~16.04.2 finished at Mon, 09 May 2022 00:30:53 +0000. Datasource DataSourceNoCloud [seed=/dev/sdb][dsmode=net].  Up 7.06 seconds
[[0;32m  OK  [0m] Started Execute cloud user/final scripts.
[[0;32m  OK  [0m] Reached target Cloud-init target.

Ubuntu 16.04.7 LTS jenkins-master ttyS0

jenkins-master login: 